<html>
<body>
<pre>
<h1>礦ision Build Log</h1>
<h2>Tool Versions:</h2>
IDE-Version: μVision V5.24.2.86
Copyright (C) 2017 ARM Ltd and ARM Germany GmbH. All rights reserved.
License Information: 1 薛佳艺, 1, LIC=RC93N-YJGJ2-BS4YX-HJ0E8-0HQEP-4E8ZI
 
Tool Versions:
Toolchain:       MDK-ARM Plus  Version: 5.28.0.0
Toolchain Path:  D:\KEIL5\ARM\ARMCC\Bin
C Compiler:      Armcc.exe V5.06 update 6 (build 750)
Assembler:       Armasm.exe V5.06 update 6 (build 750)
Linker/Locator:  ArmLink.exe V5.06 update 6 (build 750)
Library Manager: ArmAr.exe V5.06 update 6 (build 750)
Hex Converter:   FromElf.exe V5.06 update 6 (build 750)
CPU DLL:         SARMCM3.DLL V5.28.0.0
Dialog DLL:      DCM.DLL V1.17.3.0
Target DLL:      STLink\ST-LINKIII-KEIL_SWO.dll V3.0.6.0
Dialog DLL:      TCM.DLL V1.36.2.0
 
<h2>Project:</h2>
E:\比赛\2025光电\flash\MDK-ARM\flash.uvprojx
Project File Date:  07/24/2025

<h2>Output:</h2>
*** Using Compiler 'V5.06 update 6 (build 750)', folder: 'D:\KEIL5\ARM\ARMCC\Bin'
Build target 'flash'
compiling freertos.c...
../Core/Inc/MySys.h(166): warning:  #1-D: last line of file ends without a newline
  #endif // __MYSYS_H
../Core/Inc/Imu.h(2): warning:  #1-D: last line of file ends without a newline
  void ImuPrc();
../Core/Inc/Imu.h(2): warning:  #1295-D: Deprecated declaration ImuPrc - give arg types
  void ImuPrc();
../Core/Inc/Camera.h(9): warning:  #1295-D: Deprecated declaration CameraPrc - give arg types
  void CameraPrc();
../Core/Inc/Camera.h(10): warning:  #1-D: last line of file ends without a newline
  #endif // __CAMERA_H
../Core/Inc/Encoder.h(3): warning:  #1-D: last line of file ends without a newline
  void EncoderPrc();
../Core/Inc/Encoder.h(3): warning:  #1295-D: Deprecated declaration EncoderPrc - give arg types
  void EncoderPrc();
../Core/Inc/Motor.h(14): warning:  #1295-D: Deprecated declaration TF - give arg types
  void TF();
../Core/Inc/Motor.h(15): warning:  #1295-D: Deprecated declaration MotorCtrl - give arg types
  void MotorCtrl();
../Core/Inc/Key.h(5): warning:  #1-D: last line of file ends without a newline
  void KeyPrc();
../Core/Inc/Key.h(5): warning:  #1295-D: Deprecated declaration KeyPrc - give arg types
  void KeyPrc();
../Core/Inc/Display.h(25): warning:  #1295-D: Deprecated declaration OledPrc - give arg types
  void OledPrc();
../Core/Inc/Display.h(26): warning:  #1295-D: Deprecated declaration LedPrc - give arg types
  void LedPrc();
../Core/Inc/Display.h(27): warning:  #1-D: last line of file ends without a newline
  #endif // __DISPLAY_H
../Core/Inc/BlueTooth.h(2): warning:  #1295-D: Deprecated declaration PS2Prc - give arg types
  void PS2Prc();
../Core/Inc/BlueTooth.h(3): warning:  #1295-D: Deprecated declaration BluePrc - give arg types
  void BluePrc();
../Core/Inc/BlueTooth.h(4): warning:  #1-D: last line of file ends without a newline
  void PS2DataPrc();
../Core/Inc/BlueTooth.h(4): warning:  #1295-D: Deprecated declaration PS2DataPrc - give arg types
  void PS2DataPrc();
../Core/Inc/Steering.h(2): warning:  #1-D: last line of file ends without a newline
  void SteerCtrl();
../Core/Inc/Steering.h(2): warning:  #1295-D: Deprecated declaration SteerCtrl - give arg types
  void SteerCtrl();
../Core/Inc/Grey.h(7): warning:  #1295-D: Deprecated declaration GreyPrc - give arg types
  void GreyPrc();
../Core/Inc/Grey.h(8): warning:  #1-D: last line of file ends without a newline
  #endif
../Core/Inc/PID.h(4): warning:  #1295-D: Deprecated declaration PID_YAW - give arg types
  void PID_YAW();
../Core/Inc/PID.h(5): warning:  #1295-D: Deprecated declaration PID_SteerCamerX - give arg types
  void PID_SteerCamerX();
../Core/Inc/PID.h(6): warning:  #1295-D: Deprecated declaration PID_SteerCamerY - give arg types
  void PID_SteerCamerY();
../Core/Inc/PID.h(7): warning:  #1295-D: Deprecated declaration PID_SteerYaw - give arg types
  void PID_SteerYaw();
../Core/Inc/PID.h(8): warning:  #1295-D: Deprecated declaration PID_SteerPitch - give arg types
  void PID_SteerPitch();
../Core/Inc/PID.h(9): warning:  #1295-D: Deprecated declaration PidPrc - give arg types
  void PidPrc();
../Core/Inc/PID.h(10): warning:  #1295-D: Deprecated declaration FuzzyPrc - give arg types
  void FuzzyPrc();
../Core/Inc/Scan.h(32): warning:  #1295-D: Deprecated declaration ScanPrc - give arg types
  void ScanPrc();
../Core/Inc/Scan.h(33): warning:  #1295-D: Deprecated declaration StpPrc - give arg types
  void StpPrc();
../Core/Inc/Scan.h(35): warning:  #1-D: last line of file ends without a newline
  #endif
../Core/Src/FOC.h(2): warning:  #1-D: last line of file ends without a newline
  void FocPrc();
../Core/Src/FOC.h(2): warning:  #1295-D: Deprecated declaration FocPrc - give arg types
  void FocPrc();
../Core/Inc/MySys.h(164): warning:  #1295-D: Deprecated declaration MySteer_Init - give arg types
  void MySteer_Init();
../Core/Inc/MySys.h(165): warning:  #1295-D: Deprecated declaration MyPid_Init - give arg types
  void MyPid_Init();
../Core/Inc/MySys.h(166): warning:  #1-D: last line of file ends without a newline
  #endif // __MYSYS_H
../Core/Src/freertos.c: 37 warnings, 0 errors
linking...
Program Size: Code=29860 RO-data=2904 RW-data=296 ZI-data=26288  
FromELF: creating hex file...
"flash\flash.axf" - 0 Error(s), 37 Warning(s).

<h2>Software Packages used:</h2>

Package Vendor: ARM
                http://www.keil.com/pack/ARM.CMSIS.5.5.1.pack
                ARM.CMSIS.5.5.1
                CMSIS (Cortex Microcontroller Software Interface Standard)
   * Component: CORE Version: 5.2.0

Package Vendor: Keil
                https://www.keil.com/pack/Keil.STM32F4xx_DFP.2.17.1.pack
                Keil.STM32F4xx_DFP.2.17.1
                STMicroelectronics STM32F4 Series Device Support, Drivers and Examples

<h2>Collection of Component include folders:</h2>
  .\RTE\_flash
  D:\KEIL5\ARM\CMSIS\5.5.1\CMSIS\Core\Include
  D:\KEIL5\Keil\STM32F4xx_DFP\2.17.1\Drivers\CMSIS\Device\ST\STM32F4xx\Include

<h2>Collection of Component Files used:</h2>

   * Component: ARM::CMSIS:CORE:5.2.0
Build Time Elapsed:  00:00:02
</pre>
</body>
</html>
