Component: ARM Compiler 5.06 update 6 (build 750) Tool: armlink [4d35ed]

==============================================================================

Section Cross References

    startup_stm32f407xx.o(RESET) refers to startup_stm32f407xx.o(STACK) for __initial_sp
    startup_stm32f407xx.o(RESET) refers to startup_stm32f407xx.o(.text) for Reset_Handler
    startup_stm32f407xx.o(RESET) refers to stm32f4xx_it.o(i.NMI_Handler) for NMI_Handler
    startup_stm32f407xx.o(RESET) refers to stm32f4xx_it.o(i.HardFault_Handler) for HardFault_Handler
    startup_stm32f407xx.o(RESET) refers to stm32f4xx_it.o(i.MemManage_Handler) for MemManage_Handler
    startup_stm32f407xx.o(RESET) refers to stm32f4xx_it.o(i.BusFault_Handler) for BusFault_Handler
    startup_stm32f407xx.o(RESET) refers to stm32f4xx_it.o(i.UsageFault_Handler) for UsageFault_Handler
    startup_stm32f407xx.o(RESET) refers to port.o(.emb_text) for SVC_Handler
    startup_stm32f407xx.o(RESET) refers to stm32f4xx_it.o(i.DebugMon_Handler) for DebugMon_Handler
    startup_stm32f407xx.o(RESET) refers to cmsis_os2.o(i.SysTick_Handler) for SysTick_Handler
    startup_stm32f407xx.o(RESET) refers to stm32f4xx_it.o(i.DMA1_Stream0_IRQHandler) for DMA1_Stream0_IRQHandler
    startup_stm32f407xx.o(RESET) refers to stm32f4xx_it.o(i.DMA1_Stream2_IRQHandler) for DMA1_Stream2_IRQHandler
    startup_stm32f407xx.o(RESET) refers to stm32f4xx_it.o(i.DMA1_Stream5_IRQHandler) for DMA1_Stream5_IRQHandler
    startup_stm32f407xx.o(RESET) refers to stm32f4xx_it.o(i.USART1_IRQHandler) for USART1_IRQHandler
    startup_stm32f407xx.o(RESET) refers to stm32f4xx_it.o(i.USART2_IRQHandler) for USART2_IRQHandler
    startup_stm32f407xx.o(RESET) refers to stm32f4xx_it.o(i.USART3_IRQHandler) for USART3_IRQHandler
    startup_stm32f407xx.o(RESET) refers to stm32f4xx_it.o(i.TIM8_BRK_TIM12_IRQHandler) for TIM8_BRK_TIM12_IRQHandler
    startup_stm32f407xx.o(RESET) refers to stm32f4xx_it.o(i.UART4_IRQHandler) for UART4_IRQHandler
    startup_stm32f407xx.o(RESET) refers to stm32f4xx_it.o(i.UART5_IRQHandler) for UART5_IRQHandler
    startup_stm32f407xx.o(RESET) refers to stm32f4xx_it.o(i.TIM6_DAC_IRQHandler) for TIM6_DAC_IRQHandler
    startup_stm32f407xx.o(RESET) refers to stm32f4xx_it.o(i.DMA2_Stream2_IRQHandler) for DMA2_Stream2_IRQHandler
    startup_stm32f407xx.o(.text) refers to system_stm32f4xx.o(i.SystemInit) for SystemInit
    startup_stm32f407xx.o(.text) refers to entry.o(.ARM.Collect$$$$00000000) for __main
    imu.o(i.ImuPrc) refers to mysys.o(.bss) for uartGroup
    imu.o(i.ImuPrc) refers to mysys.o(.bss) for CarAngle
    scan.o(i.ScanPrc) refers to scan.o(i.ScanDataPrc) for ScanDataPrc
    scan.o(i.ScanPrc) refers to mysys.o(.bss) for uartGroup
    scan.o(i.ScanPrc) refers to scan.o(.bss) for .bss
    scan.o(i.StpPrc) refers to mysys.o(.bss) for uartGroup
    scan.o(i.StpPrc) refers to scan.o(.bss) for .bss
    scan.o(i.StpPrc) refers to scan.o(.data) for .data
    mysys.o(i.MyMotor_Init) refers to mysys.o(.bss) for .bss
    mysys.o(i.MyPid_Init) refers to mysys.o(.bss) for .bss
    mysys.o(i.MySteer_Init) refers to mysys.o(.bss) for .bss
    mysys.o(i.MyUartGroup_Init) refers to malloc.o(i.malloc) for malloc
    mysys.o(i.MyUartGroup_Init) refers to mysys.o(.bss) for .bss
    camera.o(i.CameraPrc) refers to camera.o(i.moving_average) for moving_average
    camera.o(i.CameraPrc) refers to mysys.o(.bss) for uartGroup
    camera.o(i.CameraPrc) refers to camera.o(.bss) for .bss
    camera.o(i.CameraPrc) refers to camera.o(.data) for .data
    camera.o(i.moving_average) refers to camera.o(.data) for .data
    oled.o(i.OLED_Clear) refers to oled.o(.bss) for .bss
    oled.o(i.OLED_ClearArea) refers to oled.o(.bss) for .bss
    oled.o(i.OLED_DrawArc) refers to oled.o(i.OLED_IsInAngle) for OLED_IsInAngle
    oled.o(i.OLED_DrawArc) refers to oled.o(i.OLED_DrawPoint) for OLED_DrawPoint
    oled.o(i.OLED_DrawCircle) refers to oled.o(i.OLED_DrawPoint) for OLED_DrawPoint
    oled.o(i.OLED_DrawEllipse) refers to dflti.o(.text) for __aeabi_i2d
    oled.o(i.OLED_DrawEllipse) refers to dadd.o(.text) for __aeabi_dadd
    oled.o(i.OLED_DrawEllipse) refers to dmul.o(.text) for __aeabi_dmul
    oled.o(i.OLED_DrawEllipse) refers to d2f.o(.text) for __aeabi_d2f
    oled.o(i.OLED_DrawEllipse) refers to oled.o(i.OLED_DrawPoint) for OLED_DrawPoint
    oled.o(i.OLED_DrawEllipse) refers to cdcmple.o(.text) for __aeabi_cdcmple
    oled.o(i.OLED_DrawLine) refers to oled.o(i.OLED_DrawPoint) for OLED_DrawPoint
    oled.o(i.OLED_DrawPoint) refers to oled.o(.bss) for .bss
    oled.o(i.OLED_DrawRectangle) refers to oled.o(i.OLED_DrawPoint) for OLED_DrawPoint
    oled.o(i.OLED_DrawTriangle) refers to oled.o(i.OLED_DrawLine) for OLED_DrawLine
    oled.o(i.OLED_DrawTriangle) refers to oled.o(i.OLED_pnpoly) for OLED_pnpoly
    oled.o(i.OLED_DrawTriangle) refers to oled.o(i.OLED_DrawPoint) for OLED_DrawPoint
    oled.o(i.OLED_GetPoint) refers to oled.o(.bss) for .bss
[...]
    .bss                                     0x200012bc   Section       72  stm32f4xx_hal_timebase_tim.o(.bss)
    .bss                                     0x20001304   Section       64  queue.o(.bss)
    .bss                                     0x20001344   Section     1220  tasks.o(.bss)
    pxReadyTasksLists                        0x20001344   Data        1120  tasks.o(.bss)
    xDelayedTaskList1                        0x200017a4   Data          20  tasks.o(.bss)
    xDelayedTaskList2                        0x200017b8   Data          20  tasks.o(.bss)
    xPendingReadyList                        0x200017cc   Data          20  tasks.o(.bss)
    xTasksWaitingTermination                 0x200017e0   Data          20  tasks.o(.bss)
    xSuspendedTaskList                       0x200017f4   Data          20  tasks.o(.bss)
    .bss                                     0x20001808   Section      280  timers.o(.bss)
    xStaticTimerQueue                        0x20001808   Data          80  timers.o(.bss)
    ucStaticTimerQueueStorage                0x20001858   Data         160  timers.o(.bss)
    xActiveTimerList1                        0x200018f8   Data          20  timers.o(.bss)
    xActiveTimerList2                        0x2000190c   Data          20  timers.o(.bss)
    .bss                                     0x20001920   Section     1720  cmsis_os2.o(.bss)
    Idle_TCB                                 0x20001920   Data          92  cmsis_os2.o(.bss)
    Idle_Stack                               0x2000197c   Data         512  cmsis_os2.o(.bss)
    Timer_TCB                                0x20001b7c   Data          92  cmsis_os2.o(.bss)
    Timer_Stack                              0x20001bd8   Data        1024  cmsis_os2.o(.bss)
    .bss                                     0x20001fd8   Section    15360  heap_4.o(.bss)
    ucHeap                                   0x20001fd8   Data       15360  heap_4.o(.bss)
    HEAP                                     0x20005bd8   Section     1024  startup_stm32f407xx.o(HEAP)
    STACK                                    0x20005fd8   Section     2048  startup_stm32f407xx.o(STACK)

    Global Symbols

    Symbol Name                              Value     Ov Type        Size  Object(Section)

    BuildAttributes$$THM_ISAv4$E$P$D$K$B$S$7EM$VFPi3$EXTD16$VFPS$VFMA$PE$A:L22UL41UL21$X:L11$S22US41US21$IEEE1$IW$USESV6$~STKCKD$USESV7$~SHL$OTIME$ROPI$IEEEX$EBA8$MICROLIB$REQ8$PRES8$EABIv2 0x00000000   Number         0  anon$$obj.o ABSOLUTE
    __ARM_use_no_argv                        0x00000000   Number         0  main.o ABSOLUTE
    _printf_a                                0x00000000   Number         0  stubs.o ABSOLUTE
    _printf_c                                0x00000000   Number         0  stubs.o ABSOLUTE
    _printf_charcount                        0x00000000   Number         0  stubs.o ABSOLUTE
    _printf_d                                0x00000000   Number         0  stubs.o ABSOLUTE
    _printf_e                                0x00000000   Number         0  stubs.o ABSOLUTE
    _printf_f                                0x00000000   Number         0  stubs.o ABSOLUTE
    _printf_flags                            0x00000000   Number         0  stubs.o ABSOLUTE
    _printf_fp_dec                           0x00000000   Number         0  stubs.o ABSOLUTE
    _printf_fp_hex                           0x00000000   Number         0  stubs.o ABSOLUTE
    _printf_g                                0x00000000   Number         0  stubs.o ABSOLUTE
    _printf_i                                0x00000000   Number         0  stubs.o ABSOLUTE
    _printf_int_dec                          0x00000000   Number         0  stubs.o ABSOLUTE
    _printf_l                                0x00000000   Number         0  stubs.o ABSOLUTE
    _printf_lc                               0x00000000   Number         0  stubs.o ABSOLUTE
    _printf_ll                               0x00000000   Number         0  stubs.o ABSOLUTE
    _printf_lld                              0x00000000   Number         0  stubs.o ABSOLUTE
    _printf_lli                              0x00000000   Number         0  stubs.o ABSOLUTE
    _printf_llo                              0x00000000   Number         0  stubs.o ABSOLUTE
    _printf_llu                              0x00000000   Number         0  stubs.o ABSOLUTE
    _printf_llx                              0x00000000   Number         0  stubs.o ABSOLUTE
    _printf_longlong_dec                     0x00000000   Number         0  stubs.o ABSOLUTE
    _printf_longlong_hex                     0x00000000   Number         0  stubs.o ABSOLUTE
    _printf_longlong_oct                     0x00000000   Number         0  stubs.o ABSOLUTE
    _printf_ls                               0x00000000   Number         0  stubs.o ABSOLUTE
    _printf_mbtowc                           0x00000000   Number         0  stubs.o ABSOLUTE
    _printf_n                                0x00000000   Number         0  stubs.o ABSOLUTE
    _printf_o                                0x00000000   Number         0  stubs.o ABSOLUTE
    _printf_p                                0x00000000   Number         0  stubs.o ABSOLUTE
    _printf_percent                          0x00000000   Number         0  stubs.o ABSOLUTE
    _printf_pre_padding                      0x00000000   Number         0  stubs.o ABSOLUTE
    _printf_return_value                     0x00000000   Number         0  stubs.o ABSOLUTE
    _printf_s                                0x00000000   Number         0  stubs.o ABSOLUTE
    _printf_sizespec                         0x00000000   Number         0  stubs.o ABSOLUTE
    _printf_str                              0x00000000   Number         0  stubs.o ABSOLUTE
    _printf_truncate_signed                  0x00000000   Number         0  stubs.o ABSOLUTE
    _printf_truncate_unsigned                0x00000000   Number         0  stubs.o ABSOLUTE
    _printf_u                                0x00000000   Number         0  stubs.o ABSOLUTE
    _printf_wc                               0x00000000   Number         0  stubs.o ABSOLUTE
    _printf_wctomb                           0x00000000   Number         0  stubs.o ABSOLUTE
    _printf_widthprec                        0x00000000   Number         0  stubs.o ABSOLUTE
    _printf_x                                0x00000000   Number         0  stubs.o ABSOLUTE
    __cpp_initialize__aeabi_                  - Undefined Weak Reference
    __cxa_finalize                            - Undefined Weak Reference
    __decompress                              - Undefined Weak Reference
    _clock_init                               - Undefined Weak Reference
    _microlib_exit                            - Undefined Weak Reference
    __Vectors_Size                           0x00000188   Number         0  startup_stm32f407xx.o ABSOLUTE
    __Vectors                                0x08000000   Data           4  startup_stm32f407xx.o(RESET)
    __Vectors_End                            0x08000188   Data           0  startup_stm32f407xx.o(RESET)
    __main                                   0x08000189   Thumb Code     0  entry.o(.ARM.Collect$$$$00000000)
    _main_stk                                0x08000189   Thumb Code     0  entry2.o(.ARM.Collect$$$$00000001)
    _main_scatterload                        0x0800018d   Thumb Code     0  entry5.o(.ARM.Collect$$$$00000004)
    __main_after_scatterload                 0x08000191   Thumb Code     0  entry5.o(.ARM.Collect$$$$00000004)
    _main_clock                              0x08000191   Thumb Code     0  entry7b.o(.ARM.Collect$$$$00000008)
    _main_cpp_init                           0x08000191   Thumb Code     0  entry8b.o(.ARM.Collect$$$$0000000A)
    _main_init                               0x08000191   Thumb Code     0  entry9a.o(.ARM.Collect$$$$0000000B)
    __rt_final_cpp                           0x08000199   Thumb Code     0  entry10a.o(.ARM.Collect$$$$0000000D)
    __rt_final_exit                          0x08000199   Thumb Code     0  entry11a.o(.ARM.Collect$$$$0000000F)
    SVC_Handler                              0x0800019d   Thumb Code    28  port.o(.emb_text)
    __asm___6_port_c_39a90d8d__prvStartFirstTask 0x080001bd   Thumb Code    36  port.o(.emb_text)
    __asm___6_port_c_39a90d8d__prvEnableVFP  0x080001e5   Thumb Code    16  port.o(.emb_text)
    PendSV_Handler                           0x080001f9   Thumb Code    88  port.o(.emb_text)
    vPortGetIPSR                             0x08000255   Thumb Code     6  port.o(.emb_text)
    Reset_Handler                            0x0800025d   Thumb Code     8  startup_stm32f407xx.o(.text)
    ADC_IRQHandler                           0x08000277   Thumb Code     0  startup_stm32f407xx.o(.text)
    CAN1_RX0_IRQHandler                      0x08000277   Thumb Code     0  startup_stm32f407xx.o(.text)
    CAN1_RX1_IRQHandler                      0x08000277   Thumb Code     0  startup_stm32f407xx.o(.text)
    CAN1_SCE_IRQHandler                      0x08000277   Thumb Code     0  startup_stm32f407xx.o(.text)
    CAN1_TX_IRQHandler                       0x08000277   Thumb Code     0  startup_stm32f407xx.o(.text)
    CAN2_RX0_IRQHandler                      0x08000277   Thumb Code     0  startup_stm32f407xx.o(.text)
    CAN2_RX1_IRQHandler                      0x08000277   Thumb Code     0  startup_stm32f407xx.o(.text)
    CAN2_SCE_IRQHandler                      0x08000277   Thumb Code     0  startup_stm32f407xx.o(.text)
    CAN2_TX_IRQHandler                       0x08000277   Thumb Code     0  startup_stm32f407xx.o(.text)
    DCMI_IRQHandler                          0x08000277   Thumb Code     0  startup_stm32f407xx.o(.text)
    DMA1_Stream1_IRQHandler                  0x08000277   Thumb Code     0  startup_stm32f407xx.o(.text)
    DMA1_Stream3_IRQHandler                  0x08000277   Thumb Code     0  startup_stm32f407xx.o(.text)
    DMA1_Stream4_IRQHandler                  0x08000277   Thumb Code     0  startup_stm32f407xx.o(.text)
    DMA1_Stream6_IRQHandler                  0x08000277   Thumb Code     0  startup_stm32f407xx.o(.text)
    DMA1_Stream7_IRQHandler                  0x08000277   Thumb Code     0  startup_stm32f407xx.o(.text)
    DMA2_Stream0_IRQHandler                  0x08000277   Thumb Code     0  startup_stm32f407xx.o(.text)
    DMA2_Stream1_IRQHandler                  0x08000277   Thumb Code     0  startup_stm32f407xx.o(.text)
    DMA2_Stream3_IRQHandler                  0x08000277   Thumb Code     0  startup_stm32f407xx.o(.text)
    DMA2_Stream4_IRQHandler                  0x08000277   Thumb Code     0  startup_stm32f407xx.o(.text)
    DMA2_Stream5_IRQHandler                  0x08000277   Thumb Code     0  startup_stm32f407xx.o(.text)
    DMA2_Stream6_IRQHandler                  0x08000277   Thumb Code     0  startup_stm32f407xx.o(.text)
    DMA2_Stream7_IRQHandler                  0x08000277   Thumb Code     0  startup_stm32f407xx.o(.text)
    ETH_IRQHandler                           0x08000277   Thumb Code     0  startup_stm32f407xx.o(.text)
    ETH_WKUP_IRQHandler                      0x08000277   Thumb Code     0  startup_stm32f407xx.o(.text)
    EXTI0_IRQHandler                         0x08000277   Thumb Code     0  startup_stm32f407xx.o(.text)
    EXTI15_10_IRQHandler                     0x08000277   Thumb Code     0  startup_stm32f407xx.o(.text)
    EXTI1_IRQHandler                         0x08000277   Thumb Code     0  startup_stm32f407xx.o(.text)
    EXTI2_IRQHandler                         0x08000277   Thumb Code     0  startup_stm32f407xx.o(.text)
    EXTI3_IRQHandler                         0x08000277   Thumb Code     0  startup_stm32f407xx.o(.text)
    EXTI4_IRQHandler                         0x08000277   Thumb Code     0  startup_stm32f407xx.o(.text)
    EXTI9_5_IRQHandler                       0x08000277   Thumb Code     0  startup_stm32f407xx.o(.text)
    FLASH_IRQHandler                         0x08000277   Thumb Code     0  startup_stm32f407xx.o(.text)
    FMC_IRQHandler                           0x08000277   Thumb Code     0  startup_stm32f407xx.o(.text)
    FPU_IRQHandler                           0x08000277   Thumb Code     0  startup_stm32f407xx.o(.text)
    HASH_RNG_IRQHandler                      0x08000277   Thumb Code     0  startup_stm32f407xx.o(.text)
    I2C1_ER_IRQHandler                       0x08000277   Thumb Code     0  startup_stm32f407xx.o(.text)
    I2C1_EV_IRQHandler                       0x08000277   Thumb Code     0  startup_stm32f407xx.o(.text)
    I2C2_ER_IRQHandler                       0x08000277   Thumb Code     0  startup_stm32f407xx.o(.text)
    I2C2_EV_IRQHandler                       0x08000277   Thumb Code     0  startup_stm32f407xx.o(.text)
    I2C3_ER_IRQHandler                       0x08000277   Thumb Code     0  startup_stm32f407xx.o(.text)
    I2C3_EV_IRQHandler                       0x08000277   Thumb Code     0  startup_stm32f407xx.o(.text)
    OTG_FS_IRQHandler                        0x08000277   Thumb Code     0  startup_stm32f407xx.o(.text)
    OTG_FS_WKUP_IRQHandler                   0x08000277   Thumb Code     0  startup_stm32f407xx.o(.text)
    OTG_HS_EP1_IN_IRQHandler                 0x08000277   Thumb Code     0  startup_stm32f407xx.o(.text)
    OTG_HS_EP1_OUT_IRQHandler                0x08000277   Thumb Code     0  startup_stm32f407xx.o(.text)
    OTG_HS_IRQHandler                        0x08000277   Thumb Code     0  startup_stm32f407xx.o(.text)
    OTG_HS_WKUP_IRQHandler                   0x08000277   Thumb Code     0  startup_stm32f407xx.o(.text)
    PVD_IRQHandler                           0x08000277   Thumb Code     0  startup_stm32f407xx.o(.text)
    RCC_IRQHandler                           0x08000277   Thumb Code     0  startup_stm32f407xx.o(.text)
    RTC_Alarm_IRQHandler                     0x08000277   Thumb Code     0  startup_stm32f407xx.o(.text)
    RTC_WKUP_IRQHandler                      0x08000277   Thumb Code     0  startup_stm32f407xx.o(.text)
    SDIO_IRQHandler                          0x08000277   Thumb Code     0  startup_stm32f407xx.o(.text)
    SPI1_IRQHandler                          0x08000277   Thumb Code     0  startup_stm32f407xx.o(.text)
    SPI2_IRQHandler                          0x08000277   Thumb Code     0  startup_stm32f407xx.o(.text)
    SPI3_IRQHandler                          0x08000277   Thumb Code     0  startup_stm32f407xx.o(.text)
    TAMP_STAMP_IRQHandler                    0x08000277   Thumb Code     0  startup_stm32f407xx.o(.text)
    TIM1_BRK_TIM9_IRQHandler                 0x08000277   Thumb Code     0  startup_stm32f407xx.o(.text)
    TIM1_CC_IRQHandler                       0x08000277   Thumb Code     0  startup_stm32f407xx.o(.text)
    TIM1_TRG_COM_TIM11_IRQHandler            0x08000277   Thumb Code     0  startup_stm32f407xx.o(.text)
    TIM1_UP_TIM10_IRQHandler                 0x08000277   Thumb Code     0  startup_stm32f407xx.o(.text)
    TIM2_IRQHandler                          0x08000277   Thumb Code     0  startup_stm32f407xx.o(.text)
    TIM3_IRQHandler                          0x08000277   Thumb Code     0  startup_stm32f407xx.o(.text)
    TIM4_IRQHandler                          0x08000277   Thumb Code     0  startup_stm32f407xx.o(.text)
    TIM5_IRQHandler                          0x08000277   Thumb Code     0  startup_stm32f407xx.o(.text)
    TIM7_IRQHandler                          0x08000277   Thumb Code     0  startup_stm32f407xx.o(.text)
    TIM8_CC_IRQHandler                       0x08000277   Thumb Code     0  startup_stm32f407xx.o(.text)
    TIM8_TRG_COM_TIM14_IRQHandler            0x08000277   Thumb Code     0  startup_stm32f407xx.o(.text)
    TIM8_UP_TIM13_IRQHandler                 0x08000277   Thumb Code     0  startup_stm32f407xx.o(.text)
    USART6_IRQHandler                        0x08000277   Thumb Code     0  startup_stm32f407xx.o(.text)
    WWDG_IRQHandler                          0x08000277   Thumb Code     0  startup_stm32f407xx.o(.text)
    __aeabi_uldivmod                         0x08000281   Thumb Code    98  uldiv.o(.text)
    __aeabi_memcpy                           0x080002e3   Thumb Code    36  memcpya.o(.text)
    __aeabi_memcpy4                          0x080002e3   Thumb Code     0  memcpya.o(.text)
    __aeabi_memcpy8                          0x080002e3   Thumb Code     0  memcpya.o(.text)
    __aeabi_memset                           0x08000307   Thumb Code    14  memseta.o(.text)
    __aeabi_memset4                          0x08000307   Thumb Code     0  memseta.o(.text)
    __aeabi_memset8                          0x08000307   Thumb Code     0  memseta.o(.text)
    __aeabi_memclr                           0x08000315   Thumb Code     4  memseta.o(.text)
    __aeabi_memclr4                          0x08000315   Thumb Code     0  memseta.o(.text)
    __aeabi_memclr8                          0x08000315   Thumb Code     0  memseta.o(.text)
    memset                                   0x08000319   Thumb Code    18  memseta.o(.text)
    __aeabi_dadd                             0x0800032b   Thumb Code   322  dadd.o(.text)
    __aeabi_dsub                             0x0800046d   Thumb Code     6  dadd.o(.text)
    __aeabi_drsub                            0x08000473   Thumb Code     6  dadd.o(.text)
    __aeabi_dmul                             0x08000479   Thumb Code   228  dmul.o(.text)
    __aeabi_ui2d                             0x0800055d   Thumb Code    26  dfltui.o(.text)
    __aeabi_d2uiz                            0x08000577   Thumb Code    50  dfixui.o(.text)
    __aeabi_f2d                              0x080005a9   Thumb Code    38  f2d.o(.text)
    __aeabi_cdcmpeq                          0x080005d1   Thumb Code     0  cdcmple.o(.text)
    __aeabi_cdcmple                          0x080005d1   Thumb Code    48  cdcmple.o(.text)
    __aeabi_cdrcmple                         0x08000601   Thumb Code    48  cdrcmple.o(.text)
    __aeabi_llsl                             0x08000631   Thumb Code    30  llshl.o(.text)
    _ll_shift_l                              0x08000631   Thumb Code     0  llshl.o(.text)
    __aeabi_llsr                             0x0800064f   Thumb Code    32  llushr.o(.text)
    _ll_ushift_r                             0x0800064f   Thumb Code     0  llushr.o(.text)
    __aeabi_lasr                             0x0800066f   Thumb Code    36  llsshr.o(.text)
    _ll_sshift_r                             0x0800066f   Thumb Code     0  llsshr.o(.text)
    __I$use$fp                               0x08000693   Thumb Code     0  iusefp.o(.text)
    _double_round                            0x08000693   Thumb Code    30  depilogue.o(.text)
    _double_epilogue                         0x080006b1   Thumb Code   156  depilogue.o(.text)
    _drnd                                    0x0800074d   Thumb Code   132  drnd.o(.text)
    __scatterload                            0x080007d5   Thumb Code    28  init.o(.text)
    __scatterload_rt2                        0x080007d5   Thumb Code     0  init.o(.text)
    BluePrc                                  0x080007f9   Thumb Code   132  bluetooth.o(i.BluePrc)
    Buffer                                   0x08000899   Thumb Code    20  display.o(i.Buffer)
    BusFault_Handler                         0x080008b1   Thumb Code     2  stm32f4xx_it.o(i.BusFault_Handler)
    CtrlTask                                 0x080008b3   Thumb Code    16  freertos.o(i.CtrlTask)
    DMA1_Stream0_IRQHandler                  0x080008c5   Thumb Code     6  stm32f4xx_it.o(i.DMA1_Stream0_IRQHandler)
    DMA1_Stream2_IRQHandler                  0x080008d1   Thumb Code     6  stm32f4xx_it.o(i.DMA1_Stream2_IRQHandler)
    DMA1_Stream5_IRQHandler                  0x080008dd   Thumb Code     6  stm32f4xx_it.o(i.DMA1_Stream5_IRQHandler)
    DMA2_Stream2_IRQHandler                  0x080008e9   Thumb Code     6  stm32f4xx_it.o(i.DMA2_Stream2_IRQHandler)
    DebugMon_Handler                         0x08000999   Thumb Code     2  stm32f4xx_it.o(i.DebugMon_Handler)
    DispTask                                 0x0800099b   Thumb Code    16  freertos.o(i.DispTask)
    EncoderPrc                               0x080009ad   Thumb Code   242  encoder.o(i.EncoderPrc)
    Error_Handler                            0x08000ac1   Thumb Code     4  main.o(i.Error_Handler)
    FocPrc                                   0x08000ac5   Thumb Code    32  foc.o(i.FocPrc)
    HAL_DMA_Abort                            0x08000af1   Thumb Code   146  stm32f4xx_hal_dma.o(i.HAL_DMA_Abort)
    HAL_DMA_Abort_IT                         0x08000b83   Thumb Code    36  stm32f4xx_hal_dma.o(i.HAL_DMA_Abort_IT)
    HAL_DMA_IRQHandler                       0x08000ba9   Thumb Code   412  stm32f4xx_hal_dma.o(i.HAL_DMA_IRQHandler)
    HAL_DMA_Init                             0x08000d49   Thumb Code   206  stm32f4xx_hal_dma.o(i.HAL_DMA_Init)
    HAL_DMA_Start_IT                         0x08000e1d   Thumb Code   110  stm32f4xx_hal_dma.o(i.HAL_DMA_Start_IT)
    HAL_GPIO_Init                            0x08000e8d   Thumb Code   450  stm32f4xx_hal_gpio.o(i.HAL_GPIO_Init)
    HAL_GPIO_ReadPin                         0x0800107d   Thumb Code    10  stm32f4xx_hal_gpio.o(i.HAL_GPIO_ReadPin)
    HAL_GPIO_WritePin                        0x08001087   Thumb Code    10  stm32f4xx_hal_gpio.o(i.HAL_GPIO_WritePin)
    HAL_GetTick                              0x08001091   Thumb Code     6  stm32f4xx_hal.o(i.HAL_GetTick)
    HAL_I2C_Init                             0x0800109d   Thumb Code   376  stm32f4xx_hal_i2c.o(i.HAL_I2C_Init)
    HAL_I2C_Master_Transmit                  0x08001225   Thumb Code   290  stm32f4xx_hal_i2c.o(i.HAL_I2C_Master_Transmit)
    HAL_I2C_MspInit                          0x08001351   Thumb Code   208  i2c.o(i.HAL_I2C_MspInit)
    HAL_IncTick                              0x08001439   Thumb Code    12  stm32f4xx_hal.o(i.HAL_IncTick)
    HAL_Init                                 0x08001449   Thumb Code    48  stm32f4xx_hal.o(i.HAL_Init)
    HAL_InitTick                             0x0800147d   Thumb Code   132  stm32f4xx_hal_timebase_tim.o(i.HAL_InitTick)
    HAL_MspInit                              0x08001515   Thumb Code    52  stm32f4xx_hal_msp.o(i.HAL_MspInit)
    HAL_NVIC_EnableIRQ                       0x0800154d   Thumb Code    26  stm32f4xx_hal_cortex.o(i.HAL_NVIC_EnableIRQ)
    HAL_NVIC_SetPriority                     0x08001569   Thumb Code    60  stm32f4xx_hal_cortex.o(i.HAL_NVIC_SetPriority)
    HAL_NVIC_SetPriorityGrouping             0x080015a9   Thumb Code    26  stm32f4xx_hal_cortex.o(i.HAL_NVIC_SetPriorityGrouping)
    HAL_RCC_ClockConfig                      0x080015cd   Thumb Code   288  stm32f4xx_hal_rcc.o(i.HAL_RCC_ClockConfig)
    HAL_RCC_GetClockConfig                   0x08001701   Thumb Code    54  stm32f4xx_hal_rcc.o(i.HAL_RCC_GetClockConfig)
    HAL_RCC_GetPCLK1Freq                     0x08001741   Thumb Code    20  stm32f4xx_hal_rcc.o(i.HAL_RCC_GetPCLK1Freq)
    HAL_RCC_GetPCLK2Freq                     0x08001761   Thumb Code    20  stm32f4xx_hal_rcc.o(i.HAL_RCC_GetPCLK2Freq)
    HAL_RCC_GetSysClockFreq                  0x08001781   Thumb Code    88  stm32f4xx_hal_rcc.o(i.HAL_RCC_GetSysClockFreq)
    HAL_RCC_OscConfig                        0x080017e5   Thumb Code   856  stm32f4xx_hal_rcc.o(i.HAL_RCC_OscConfig)
    HAL_TIMEx_BreakCallback                  0x08001b51   Thumb Code     2  stm32f4xx_hal_tim_ex.o(i.HAL_TIMEx_BreakCallback)
    HAL_TIMEx_CommutCallback                 0x08001b53   Thumb Code     2  stm32f4xx_hal_tim_ex.o(i.HAL_TIMEx_CommutCallback)
    HAL_TIMEx_ConfigBreakDeadTime            0x08001b55   Thumb Code    84  stm32f4xx_hal_tim_ex.o(i.HAL_TIMEx_ConfigBreakDeadTime)
    HAL_TIMEx_MasterConfigSynchronization    0x08001ba9   Thumb Code   116  stm32f4xx_hal_tim_ex.o(i.HAL_TIMEx_MasterConfigSynchronization)
    HAL_TIM_Base_Init                        0x08001c39   Thumb Code    90  stm32f4xx_hal_tim.o(i.HAL_TIM_Base_Init)
    HAL_TIM_Base_MspInit                     0x08001c95   Thumb Code   120  tim.o(i.HAL_TIM_Base_MspInit)
    HAL_TIM_Base_Start_IT                    0x08001d21   Thumb Code   100  stm32f4xx_hal_tim.o(i.HAL_TIM_Base_Start_IT)
    HAL_TIM_ConfigClockSource                0x08001da1   Thumb Code   220  stm32f4xx_hal_tim.o(i.HAL_TIM_ConfigClockSource)
    HAL_TIM_Encoder_Init                     0x08001e7d   Thumb Code   164  stm32f4xx_hal_tim.o(i.HAL_TIM_Encoder_Init)
    HAL_TIM_Encoder_MspInit                  0x08001f21   Thumb Code   276  tim.o(i.HAL_TIM_Encoder_MspInit)
    HAL_TIM_Encoder_Start                    0x08002051   Thumb Code   142  stm32f4xx_hal_tim.o(i.HAL_TIM_Encoder_Start)
    HAL_TIM_IC_CaptureCallback               0x080020df   Thumb Code     2  stm32f4xx_hal_tim.o(i.HAL_TIM_IC_CaptureCallback)
    HAL_TIM_IRQHandler                       0x080020e1   Thumb Code   304  stm32f4xx_hal_tim.o(i.HAL_TIM_IRQHandler)
    HAL_TIM_MspPostInit                      0x08002211   Thumb Code   150  tim.o(i.HAL_TIM_MspPostInit)
    HAL_TIM_OC_DelayElapsedCallback          0x080022c1   Thumb Code     2  stm32f4xx_hal_tim.o(i.HAL_TIM_OC_DelayElapsedCallback)
    HAL_TIM_PWM_ConfigChannel                0x080022c3   Thumb Code   204  stm32f4xx_hal_tim.o(i.HAL_TIM_PWM_ConfigChannel)
    HAL_TIM_PWM_Init                         0x0800238f   Thumb Code    90  stm32f4xx_hal_tim.o(i.HAL_TIM_PWM_Init)
    HAL_TIM_PWM_MspInit                      0x080023e9   Thumb Code    50  tim.o(i.HAL_TIM_PWM_MspInit)
    HAL_TIM_PWM_PulseFinishedCallback        0x08002425   Thumb Code     2  stm32f4xx_hal_tim.o(i.HAL_TIM_PWM_PulseFinishedCallback)
    HAL_TIM_PWM_Start                        0x08002429   Thumb Code   172  stm32f4xx_hal_tim.o(i.HAL_TIM_PWM_Start)
    HAL_TIM_PeriodElapsedCallback            0x080024f1   Thumb Code    14  main.o(i.HAL_TIM_PeriodElapsedCallback)
    HAL_TIM_TriggerCallback                  0x08002505   Thumb Code     2  stm32f4xx_hal_tim.o(i.HAL_TIM_TriggerCallback)
    HAL_UARTEx_RxEventCallback               0x08002507   Thumb Code     2  stm32f4xx_hal_uart.o(i.HAL_UARTEx_RxEventCallback)
    HAL_UART_DMAStop                         0x08002509   Thumb Code   112  stm32f4xx_hal_uart.o(i.HAL_UART_DMAStop)
    HAL_UART_ErrorCallback                   0x08002579   Thumb Code     2  stm32f4xx_hal_uart.o(i.HAL_UART_ErrorCallback)
    HAL_UART_IRQHandler                      0x0800257d   Thumb Code   618  stm32f4xx_hal_uart.o(i.HAL_UART_IRQHandler)
    HAL_UART_Init                            0x080027ed   Thumb Code   100  stm32f4xx_hal_uart.o(i.HAL_UART_Init)
    HAL_UART_MspInit                         0x08002851   Thumb Code   794  usart.o(i.HAL_UART_MspInit)
    HAL_UART_Receive_DMA                     0x08002ba5   Thumb Code    28  stm32f4xx_hal_uart.o(i.HAL_UART_Receive_DMA)
    HAL_UART_Receive_IT                      0x08002bc1   Thumb Code    28  stm32f4xx_hal_uart.o(i.HAL_UART_Receive_IT)
    HAL_UART_RxCpltCallback                  0x08002bdd   Thumb Code    18  main.o(i.HAL_UART_RxCpltCallback)
    HAL_UART_RxHalfCpltCallback              0x08002bf9   Thumb Code     2  stm32f4xx_hal_uart.o(i.HAL_UART_RxHalfCpltCallback)
    HAL_UART_TxCpltCallback                  0x08002bfb   Thumb Code     2  stm32f4xx_hal_uart.o(i.HAL_UART_TxCpltCallback)
    HardFault_Handler                        0x08002bfd   Thumb Code     2  stm32f4xx_it.o(i.HardFault_Handler)
    ImuPrc                                   0x08002ec5   Thumb Code    80  imu.o(i.ImuPrc)
    Incremental_PI_A                         0x08002f29   Thumb Code   110  motor.o(i.Incremental_PI_A)
    Incremental_PI_B                         0x08002fad   Thumb Code   110  motor.o(i.Incremental_PI_B)
    Incremental_PI_C                         0x08003031   Thumb Code   110  motor.o(i.Incremental_PI_C)
    Incremental_PI_D                         0x080030b5   Thumb Code   110  motor.o(i.Incremental_PI_D)
    InitTask                                 0x08003139   Thumb Code   322  freertos.o(i.InitTask)
    KeyPrc                                   0x080032c1   Thumb Code    90  key.o(i.KeyPrc)
    Led                                      0x0800332d   Thumb Code    46  display.o(i.Led)
    LedPrc                                   0x08003361   Thumb Code     2  display.o(i.LedPrc)
    MX_DMA_Init                              0x08003365   Thumb Code   104  dma.o(i.MX_DMA_Init)
    MX_FREERTOS_Init                         0x080033d1   Thumb Code   116  freertos.o(i.MX_FREERTOS_Init)
    MX_GPIO_Init                             0x0800346d   Thumb Code   298  gpio.o(i.MX_GPIO_Init)
    MX_I2C1_Init                             0x080035ad   Thumb Code    50  i2c.o(i.MX_I2C1_Init)
    MX_I2C3_Init                             0x080035ed   Thumb Code    50  i2c.o(i.MX_I2C3_Init)
    MX_TIM12_Init                            0x0800362d   Thumb Code    96  tim.o(i.MX_TIM12_Init)
    MX_TIM1_Init                             0x08003695   Thumb Code   240  tim.o(i.MX_TIM1_Init)
    MX_TIM2_Init                             0x0800378d   Thumb Code   102  tim.o(i.MX_TIM2_Init)
    MX_TIM3_Init                             0x080037f9   Thumb Code   100  tim.o(i.MX_TIM3_Init)
    MX_TIM4_Init                             0x08003865   Thumb Code   100  tim.o(i.MX_TIM4_Init)
    MX_TIM5_Init                             0x080038d1   Thumb Code   100  tim.o(i.MX_TIM5_Init)
    MX_TIM7_Init                             0x0800393d   Thumb Code    60  tim.o(i.MX_TIM7_Init)
    MX_TIM8_Init                             0x08003981   Thumb Code    94  tim.o(i.MX_TIM8_Init)
    MX_TIM9_Init                             0x080039e9   Thumb Code   136  tim.o(i.MX_TIM9_Init)
    MX_UART4_Init                            0x08003a79   Thumb Code    48  usart.o(i.MX_UART4_Init)
    MX_UART5_Init                            0x08003ab1   Thumb Code    48  usart.o(i.MX_UART5_Init)
    MX_USART1_UART_Init                      0x08003ae9   Thumb Code    48  usart.o(i.MX_USART1_UART_Init)
    MX_USART2_UART_Init                      0x08003b21   Thumb Code    48  usart.o(i.MX_USART2_UART_Init)
    MX_USART3_UART_Init                      0x08003b59   Thumb Code    48  usart.o(i.MX_USART3_UART_Init)
    MX_USART6_UART_Init                      0x08003b91   Thumb Code    48  usart.o(i.MX_USART6_UART_Init)
    MemManage_Handler                        0x08003bc9   Thumb Code     2  stm32f4xx_it.o(i.MemManage_Handler)
    MotorCtrl                                0x08003bcd   Thumb Code   956  motor.o(i.MotorCtrl)
    MsgTaskHight                             0x08003fc9   Thumb Code    16  freertos.o(i.MsgTaskHight)
    MsgTaskLow                               0x08003fd9   Thumb Code    20  freertos.o(i.MsgTaskLow)
    MyEncoder_Init                           0x08003fed   Thumb Code    36  mysys.o(i.MyEncoder_Init)
    MyMotor_Init                             0x0800401d   Thumb Code    48  mysys.o(i.MyMotor_Init)
    MyPid_Init                               0x08004059   Thumb Code   226  mysys.o(i.MyPid_Init)
    MyUartGroup_Init                         0x08004181   Thumb Code   114  mysys.o(i.MyUartGroup_Init)
    NMI_Handler                              0x080041f9   Thumb Code     2  stm32f4xx_it.o(i.NMI_Handler)
    OLED_Clear                               0x080041fd   Thumb Code    34  oled.o(i.OLED_Clear)
    OLED_ClearArea                           0x08004225   Thumb Code    94  oled.o(i.OLED_ClearArea)
    OLED_GPIO_Init                           0x08004289   Thumb Code    22  oled.o(i.OLED_GPIO_Init)
    OLED_Init                                0x0800429f   Thumb Code   156  oled.o(i.OLED_Init)
    OLED_Pow                                 0x0800433b   Thumb Code    14  oled.o(i.OLED_Pow)
    OLED_SetCursor                           0x08004349   Thumb Code    34  oled.o(i.OLED_SetCursor)
    OLED_ShowChar                            0x0800436d   Thumb Code    52  oled.o(i.OLED_ShowChar)
    OLED_ShowFloatNum                        0x080043a9   Thumb Code   218  oled.o(i.OLED_ShowFloatNum)
    OLED_ShowImage                           0x0800448d   Thumb Code   172  oled.o(i.OLED_ShowImage)
    OLED_ShowNum                             0x0800453d   Thumb Code    70  oled.o(i.OLED_ShowNum)
    OLED_ShowSignedNum                       0x08004583   Thumb Code    94  oled.o(i.OLED_ShowSignedNum)
    OLED_ShowString                          0x080045e1   Thumb Code    44  oled.o(i.OLED_ShowString)
    OLED_Update                              0x0800460d   Thumb Code    34  oled.o(i.OLED_Update)
    OLED_WriteCommand                        0x08004635   Thumb Code    28  oled.o(i.OLED_WriteCommand)
    OLED_WriteData                           0x08004655   Thumb Code    62  oled.o(i.OLED_WriteData)
    OledPrc                                  0x08004699   Thumb Code  1770  display.o(i.OledPrc)
    PID_YAW                                  0x08004dcd   Thumb Code   228  pid.o(i.PID_YAW)
    PidPrc                                   0x08004ed9   Thumb Code     4  pid.o(i.PidPrc)
    Read_Encoder                             0x08004edd   Thumb Code    52  encoder.o(i.Read_Encoder)
    ScanTask                                 0x08004f1d   Thumb Code    12  freertos.o(i.ScanTask)
    Smooth                                   0x08004f29   Thumb Code    54  motor.o(i.Smooth)
    StartDefaultTask                         0x08004f65   Thumb Code     8  freertos.o(i.StartDefaultTask)
    StpPrc                                   0x08004f6d   Thumb Code   152  scan.o(i.StpPrc)
    SysTick_Handler                          0x08005015   Thumb Code    26  cmsis_os2.o(i.SysTick_Handler)
    SystemClock_Config                       0x08005031   Thumb Code   140  main.o(i.SystemClock_Config)
    SystemInit                               0x080050c5   Thumb Code    12  system_stm32f4xx.o(i.SystemInit)
    TIM6_DAC_IRQHandler                      0x080050d5   Thumb Code     6  stm32f4xx_it.o(i.TIM6_DAC_IRQHandler)
    TIM8_BRK_TIM12_IRQHandler                0x080050e1   Thumb Code    18  stm32f4xx_it.o(i.TIM8_BRK_TIM12_IRQHandler)
    TIM_Base_SetConfig                       0x080050fd   Thumb Code   170  stm32f4xx_hal_tim.o(i.TIM_Base_SetConfig)
    TIM_CCxChannelCmd                        0x080051d5   Thumb Code    26  stm32f4xx_hal_tim.o(i.TIM_CCxChannelCmd)
    TIM_ETR_SetConfig                        0x080051ef   Thumb Code    20  stm32f4xx_hal_tim.o(i.TIM_ETR_SetConfig)
    TIM_OC2_SetConfig                        0x08005275   Thumb Code    98  stm32f4xx_hal_tim.o(i.TIM_OC2_SetConfig)
    TestTask                                 0x080053e1   Thumb Code   370  freertos.o(i.TestTask)
    UART4_IRQHandler                         0x08005571   Thumb Code   124  stm32f4xx_it.o(i.UART4_IRQHandler)
    UART5_IRQHandler                         0x080055f5   Thumb Code   124  stm32f4xx_it.o(i.UART5_IRQHandler)
    UART_Start_Receive_DMA                   0x080059b1   Thumb Code   130  stm32f4xx_hal_uart.o(i.UART_Start_Receive_DMA)
    UART_Start_Receive_IT                    0x08005a41   Thumb Code    54  stm32f4xx_hal_uart.o(i.UART_Start_Receive_IT)
    USART1_IRQHandler                        0x08005a79   Thumb Code   106  stm32f4xx_it.o(i.USART1_IRQHandler)
    USART2_IRQHandler                        0x08005aed   Thumb Code   138  stm32f4xx_it.o(i.USART2_IRQHandler)
    USART3_IRQHandler                        0x08005b81   Thumb Code     6  stm32f4xx_it.o(i.USART3_IRQHandler)
    UsageFault_Handler                       0x08005b8d   Thumb Code     2  stm32f4xx_it.o(i.UsageFault_Handler)
    __hardfp_round                           0x08005bb1   Thumb Code   194  round.o(i.__hardfp_round)
    __scatterload_copy                       0x08005c91   Thumb Code    14  handlers.o(i.__scatterload_copy)
    __scatterload_null                       0x08005c9f   Thumb Code     2  handlers.o(i.__scatterload_null)
    __scatterload_zeroinit                   0x08005ca1   Thumb Code    14  handlers.o(i.__scatterload_zeroinit)
    free                                     0x08005cb1   Thumb Code    76  malloc.o(i.free)
    main                                     0x08005d01   Thumb Code    98  main.o(i.main)
    malloc                                   0x08005d65   Thumb Code    92  malloc.o(i.malloc)
    osDelay                                  0x08005dd1   Thumb Code    26  cmsis_os2.o(i.osDelay)
    osKernelInitialize                       0x08005ded   Thumb Code    32  cmsis_os2.o(i.osKernelInitialize)
    osKernelStart                            0x08005e11   Thumb Code    48  cmsis_os2.o(i.osKernelStart)
    osThreadNew                              0x08005e49   Thumb Code   138  cmsis_os2.o(i.osThreadNew)
    pvPortMalloc                             0x08006669   Thumb Code   216  heap_4.o(i.pvPortMalloc)
    pxPortInitialiseStack                    0x08006745   Thumb Code    40  port.o(i.pxPortInitialiseStack)
    uxListRemove                             0x08006771   Thumb Code    38  list.o(i.uxListRemove)
    vApplicationGetIdleTaskMemory            0x08006799   Thumb Code    16  cmsis_os2.o(i.vApplicationGetIdleTaskMemory)
    vApplicationGetTimerTaskMemory           0x080067ad   Thumb Code    18  cmsis_os2.o(i.vApplicationGetTimerTaskMemory)
    vListInitialise                          0x080067c5   Thumb Code    22  list.o(i.vListInitialise)
    vListInitialiseItem                      0x080067db   Thumb Code     6  list.o(i.vListInitialiseItem)
    vListInsert                              0x080067e1   Thumb Code    48  list.o(i.vListInsert)
    vListInsertEnd                           0x08006811   Thumb Code    24  list.o(i.vListInsertEnd)
    vPortEnterCritical                       0x08006829   Thumb Code    54  port.o(i.vPortEnterCritical)
    vPortExitCritical                        0x08006869   Thumb Code    34  port.o(i.vPortExitCritical)
    vPortFree                                0x08006891   Thumb Code    94  heap_4.o(i.vPortFree)
    vPortSetupTimerInterrupt                 0x080068f5   Thumb Code    32  port.o(i.vPortSetupTimerInterrupt)
    vPortValidateInterruptPriority           0x08006919   Thumb Code    74  port.o(i.vPortValidateInterruptPriority)
    vQueueAddToRegistry                      0x0800696d   Thumb Code    34  queue.o(i.vQueueAddToRegistry)
    vQueueWaitForMessageRestricted           0x08006995   Thumb Code    68  queue.o(i.vQueueWaitForMessageRestricted)
    vTaskDelay                               0x080069d9   Thumb Code    66  tasks.o(i.vTaskDelay)
    vTaskDelete                              0x08006a25   Thumb Code   130  tasks.o(i.vTaskDelete)
    vTaskInternalSetTimeOutState             0x08006ab5   Thumb Code    12  tasks.o(i.vTaskInternalSetTimeOutState)
    vTaskMissedYield                         0x08006ac5   Thumb Code     8  tasks.o(i.vTaskMissedYield)
    vTaskPlaceOnEventList                    0x08006ad1   Thumb Code    44  tasks.o(i.vTaskPlaceOnEventList)
    vTaskPlaceOnEventListRestricted          0x08006b01   Thumb Code    52  tasks.o(i.vTaskPlaceOnEventListRestricted)
    vTaskStartScheduler                      0x08006b39   Thumb Code   118  tasks.o(i.vTaskStartScheduler)
    vTaskSuspendAll                          0x08006bc1   Thumb Code    10  tasks.o(i.vTaskSuspendAll)
    vTaskSwitchContext                       0x08006bd1   Thumb Code    90  tasks.o(i.vTaskSwitchContext)
    xPortStartScheduler                      0x08006c35   Thumb Code   222  port.o(i.xPortStartScheduler)
    xPortSysTickHandler                      0x08006d29   Thumb Code    38  port.o(i.xPortSysTickHandler)
    xQueueGenericCreateStatic                0x08006d55   Thumb Code   102  queue.o(i.xQueueGenericCreateStatic)
    xQueueGenericReset                       0x08006dbd   Thumb Code   132  queue.o(i.xQueueGenericReset)
    xQueueGenericSend                        0x08006e45   Thumb Code   346  queue.o(i.xQueueGenericSend)
    xQueueGenericSendFromISR                 0x08006fa5   Thumb Code   190  queue.o(i.xQueueGenericSendFromISR)
    xQueueReceive                            0x08007065   Thumb Code   308  queue.o(i.xQueueReceive)
    xTaskCheckForTimeOut                     0x0800719d   Thumb Code   112  tasks.o(i.xTaskCheckForTimeOut)
    xTaskCreate                              0x08007211   Thumb Code    90  tasks.o(i.xTaskCreate)
    xTaskCreateStatic                        0x0800726b   Thumb Code    86  tasks.o(i.xTaskCreateStatic)
    xTaskGetSchedulerState                   0x080072c1   Thumb Code    22  tasks.o(i.xTaskGetSchedulerState)
    xTaskGetTickCount                        0x080072dd   Thumb Code     6  tasks.o(i.xTaskGetTickCount)
    xTaskIncrementTick                       0x080072e9   Thumb Code   192  tasks.o(i.xTaskIncrementTick)
    xTaskPriorityDisinherit                  0x080073b1   Thumb Code   118  tasks.o(i.xTaskPriorityDisinherit)
    xTaskRemoveFromEventList                 0x08007431   Thumb Code    98  tasks.o(i.xTaskRemoveFromEventList)
    xTaskResumeAll                           0x080074a1   Thumb Code   182  tasks.o(i.xTaskResumeAll)
    xTimerCreateTimerTask                    0x08007565   Thumb Code    78  timers.o(i.xTimerCreateTimerTask)
    xTimerGenericCommand                     0x080075c5   Thumb Code    98  timers.o(i.xTimerGenericCommand)
    OLED_F8x16                               0x0800762c   Data        1520  oled_data.o(.constdata)
    OLED_F6x8                                0x08007c1c   Data         570  oled_data.o(.constdata)
    defaultTask_attributes                   0x08007e58   Data          36  freertos.o(.constdata)
    Task1_attributes                         0x08007e7c   Data          36  freertos.o(.constdata)
    Task2_attributes                         0x08007ea0   Data          36  freertos.o(.constdata)
    Task3_attributes                         0x08007ec4   Data          36  freertos.o(.constdata)
    Task0_attributes                         0x08007ee8   Data          36  freertos.o(.constdata)
    Task4_attributes                         0x08007f0c   Data          36  freertos.o(.constdata)
    Task5_attributes                         0x08007f30   Data          36  freertos.o(.constdata)
    Task6_attributes                         0x08007f54   Data          36  freertos.o(.constdata)
    AHBPrescTable                            0x08007f80   Data          16  system_stm32f4xx.o(.constdata)
    APBPrescTable                            0x08007f90   Data           8  system_stm32f4xx.o(.constdata)
    Region$$Table$$Base                      0x08007fdc   Number         0  anon$$obj.o(Region$$Table)
    Region$$Table$$Limit                     0x08007ffc   Number         0  anon$$obj.o(Region$$Table)
    Key1                                     0x20000002   Data           4  mysys.o(.data)
    Key2                                     0x20000006   Data           4  mysys.o(.data)
    Key3                                     0x2000000a   Data           4  mysys.o(.data)
    aim                                      0x20000014   Data           8  camera.o(.data)
    laser                                    0x2000001c   Data           8  camera.o(.data)
    oil                                      0x20000038   Data           4  motor.o(.data)
    GreyData                                 0x20000040   Data           8  grey.o(.data)
    L1scan                                   0x20000054   Data           4  foc.o(.data)
    Lost                                     0x20000058   Data           4  foc.o(.data)
    smoothflag                               0x2000005c   Data           4  freertos.o(.data)
    defaultTaskHandle                        0x20000070   Data           4  freertos.o(.data)
    Task1Handle                              0x20000074   Data           4  freertos.o(.data)
    Task2Handle                              0x20000078   Data           4  freertos.o(.data)
    Task3Handle                              0x2000007c   Data           4  freertos.o(.data)
    Task0Handle                              0x20000080   Data           4  freertos.o(.data)
    Task4Handle                              0x20000084   Data           4  freertos.o(.data)
    Task5Handle                              0x20000088   Data           4  freertos.o(.data)
    Task6Handle                              0x2000008c   Data           4  freertos.o(.data)
    uwTickFreq                               0x20000090   Data           1  stm32f4xx_hal.o(.data)
    uwTickPrio                               0x20000094   Data           4  stm32f4xx_hal.o(.data)
    uwTick                                   0x20000098   Data           4  stm32f4xx_hal.o(.data)
    SystemCoreClock                          0x2000009c   Data           4  system_stm32f4xx.o(.data)
    pxCurrentTCB                             0x200000a0   Data           4  tasks.o(.data)
    __microlib_freelist                      0x20000120   Data           4  mvars.o(.data)
    __microlib_freelist_initialised          0x20000124   Data           4  mvars.o(.data)
    Scan                                     0x2000013c   Data          48  scan.o(.bss)
    STP                                      0x2000016c   Data          52  scan.o(.bss)
    uartGroup                                0x200001a0   Data         128  mysys.o(.bss)
    OriginalEncoder                          0x20000220   Data          28  mysys.o(.bss)
    MOTOR_A                                  0x2000023c   Data          32  mysys.o(.bss)
    steer0                                   0x2000025c   Data          12  mysys.o(.bss)
    steer1                                   0x20000268   Data          12  mysys.o(.bss)
    angle                                    0x20000274   Data          48  mysys.o(.bss)
    cloudyaw                                 0x200002a4   Data          48  mysys.o(.bss)
    cloudpitch                               0x200002d4   Data          48  mysys.o(.bss)
    cloudcamerax                             0x20000304   Data          48  mysys.o(.bss)
    cloudcameray                             0x20000334   Data          48  mysys.o(.bss)
    grey                                     0x20000364   Data          48  mysys.o(.bss)
    MOTOR_B                                  0x20000790   Data          32  mysys.o(.bss)
    MOTOR_C                                  0x200007b0   Data          32  mysys.o(.bss)
    MOTOR_D                                  0x200007d0   Data          32  mysys.o(.bss)
    BlueVel                                  0x200007f0   Data          12  mysys.o(.bss)
    AngleVel                                 0x200007fc   Data          12  mysys.o(.bss)
    PS2Vel                                   0x20000808   Data          12  mysys.o(.bss)
    GreyVel                                  0x20000814   Data          12  mysys.o(.bss)
    PS2                                      0x20000820   Data          12  mysys.o(.bss)
    CarAngle                                 0x2000082c   Data          24  mysys.o(.bss)
    SteerAngle                               0x20000844   Data          24  mysys.o(.bss)
    OLED_DisplayBuf                          0x2000085c   Data        1024  oled.o(.bss)
    hi2c1                                    0x20000c5c   Data          84  i2c.o(.bss)
    hi2c3                                    0x20000cb0   Data          84  i2c.o(.bss)
    htim1                                    0x20000d04   Data          72  tim.o(.bss)
    htim2                                    0x20000d4c   Data          72  tim.o(.bss)
    htim3                                    0x20000d94   Data          72  tim.o(.bss)
    htim4                                    0x20000ddc   Data          72  tim.o(.bss)
    htim5                                    0x20000e24   Data          72  tim.o(.bss)
    htim7                                    0x20000e6c   Data          72  tim.o(.bss)
    htim8                                    0x20000eb4   Data          72  tim.o(.bss)
    htim9                                    0x20000efc   Data          72  tim.o(.bss)
    htim12                                   0x20000f44   Data          72  tim.o(.bss)
    huart4                                   0x20000f8c   Data          72  usart.o(.bss)
    huart5                                   0x20000fd4   Data          72  usart.o(.bss)
    huart1                                   0x2000101c   Data          72  usart.o(.bss)
    huart2                                   0x20001064   Data          72  usart.o(.bss)
    huart3                                   0x200010ac   Data          72  usart.o(.bss)
    huart6                                   0x200010f4   Data          72  usart.o(.bss)
    hdma_uart4_rx                            0x2000113c   Data          96  usart.o(.bss)
    hdma_uart5_rx                            0x2000119c   Data          96  usart.o(.bss)
    hdma_usart1_rx                           0x200011fc   Data          96  usart.o(.bss)
    hdma_usart2_rx                           0x2000125c   Data          96  usart.o(.bss)
    htim6                                    0x200012bc   Data          72  stm32f4xx_hal_timebase_tim.o(.bss)
    xQueueRegistry                           0x20001304   Data          64  queue.o(.bss)
    __heap_base                              0x20005bd8   Data           0  startup_stm32f407xx.o(HEAP)
    __heap_limit                             0x20005fd8   Data           0  startup_stm32f407xx.o(HEAP)
    __initial_sp                             0x200067d8   Data           0  startup_stm32f407xx.o(STACK)



==============================================================================

Memory Map of the image

  Image Entry point : 0x08000189

  Load Region LR_IROM1 (Base: 0x08000000, Size: 0x00008124, Max: 0x00080000, ABSOLUTE)

    Execution Region ER_IROM1 (Exec base: 0x08000000, Load base: 0x08000000, Size: 0x00007ffc, Max: 0x00080000, ABSOLUTE)

    Exec Addr    Load Addr    Size         Type   Attr      Idx    E Section Name        Object

    0x08000000   0x08000000   0x00000188   Data   RO            3    RESET               startup_stm32f407xx.o
    0x08000188   0x08000188   0x00000000   Code   RO         6393  * .ARM.Collect$$$$00000000  mc_w.l(entry.o)
    0x08000188   0x08000188   0x00000004   Code   RO         6754    .ARM.Collect$$$$00000001  mc_w.l(entry2.o)
    0x0800018c   0x0800018c   0x00000004   Code   RO         6757    .ARM.Collect$$$$00000004  mc_w.l(entry5.o)
    0x08000190   0x08000190   0x00000000   Code   RO         6759    .ARM.Collect$$$$00000008  mc_w.l(entry7b.o)
    0x08000190   0x08000190   0x00000000   Code   RO         6761    .ARM.Collect$$$$0000000A  mc_w.l(entry8b.o)
    0x08000190   0x08000190   0x00000008   Code   RO         6762    .ARM.Collect$$$$0000000B  mc_w.l(entry9a.o)
    0x08000198   0x08000198   0x00000000   Code   RO         6764    .ARM.Collect$$$$0000000D  mc_w.l(entry10a.o)
    0x08000198   0x08000198   0x00000000   Code   RO         6766    .ARM.Collect$$$$0000000F  mc_w.l(entry11a.o)
    0x08000198   0x08000198   0x00000004   Code   RO         6755    .ARM.Collect$$$$00002712  mc_w.l(entry2.o)
    0x0800019c   0x0800019c   0x000000be   Code   RO         6300    .emb_text           port.o
    0x0800025a   0x0800025a   0x00000002   PAD
    0x0800025c   0x0800025c   0x00000024   Code   RO            4    .text               startup_stm32f407xx.o
    0x08000280   0x08000280   0x00000062   Code   RO         6396    .text               mc_w.l(uldiv.o)
    0x080002e2   0x080002e2   0x00000024   Code   RO         6398    .text               mc_w.l(memcpya.o)
    0x08000306   0x08000306   0x00000024   Code   RO         6402    .text               mc_w.l(memseta.o)
    0x0800032a   0x0800032a   0x0000014e   Code   RO         6695    .text               mf_w.l(dadd.o)
    0x08000478   0x08000478   0x000000e4   Code   RO         6697    .text               mf_w.l(dmul.o)
    0x0800055c   0x0800055c   0x0000001a   Code   RO         6705    .text               mf_w.l(dfltui.o)
    0x08000576   0x08000576   0x00000032   Code   RO         6709    .text               mf_w.l(dfixui.o)
    0x080005a8   0x080005a8   0x00000026   Code   RO         6711    .text               mf_w.l(f2d.o)
    0x080005ce   0x080005ce   0x00000002   PAD
    0x080005d0   0x080005d0   0x00000030   Code   RO         6713    .text               mf_w.l(cdcmple.o)
    0x08000600   0x08000600   0x00000030   Code   RO         6715    .text               mf_w.l(cdrcmple.o)
    0x08000630   0x08000630   0x0000001e   Code   RO         6771    .text               mc_w.l(llshl.o)
    0x0800064e   0x0800064e   0x00000020   Code   RO         6773    .text               mc_w.l(llushr.o)
    0x0800066e   0x0800066e   0x00000024   Code   RO         6775    .text               mc_w.l(llsshr.o)
    0x08000692   0x08000692   0x00000000   Code   RO         6786    .text               mc_w.l(iusefp.o)
    0x08000692   0x08000692   0x000000ba   Code   RO         6789    .text               mf_w.l(depilogue.o)
    0x0800074c   0x0800074c   0x00000088   Code   RO         6791    .text               mf_w.l(drnd.o)
    0x080007d4   0x080007d4   0x00000024   Code   RO         6799    .text               mc_w.l(init.o)
    0x080007f8   0x080007f8   0x000000a0   Code   RO          782    i.BluePrc           bluetooth.o
    0x08000898   0x08000898   0x00000018   Code   RO          906    i.Buffer            display.o
    0x080008b0   0x080008b0   0x00000002   Code   RO         1453    i.BusFault_Handler  stm32f4xx_it.o
    0x080008b2   0x080008b2   0x00000010   Code   RO         1103    i.CtrlTask          freertos.o
    0x080008c2   0x080008c2   0x00000002   PAD
    0x080008c4   0x080008c4   0x0000000c   Code   RO         1454    i.DMA1_Stream0_IRQHandler  stm32f4xx_it.o
    0x080008d0   0x080008d0   0x0000000c   Code   RO         1455    i.DMA1_Stream2_IRQHandler  stm32f4xx_it.o
    0x080008dc   0x080008dc   0x0000000c   Code   RO         1456    i.DMA1_Stream5_IRQHandler  stm32f4xx_it.o
    0x080008e8   0x080008e8   0x0000000c   Code   RO         1457    i.DMA2_Stream2_IRQHandler  stm32f4xx_it.o
    0x080008f4   0x080008f4   0x00000028   Code   RO         2102    i.DMA_CalcBaseAndBitshift  stm32f4xx_hal_dma.o
    0x0800091c   0x0800091c   0x00000054   Code   RO         2103    i.DMA_CheckFifoParam  stm32f4xx_hal_dma.o
    0x08000970   0x08000970   0x00000028   Code   RO         2104    i.DMA_SetConfig     stm32f4xx_hal_dma.o
    0x08000998   0x08000998   0x00000002   Code   RO         1458    i.DebugMon_Handler  stm32f4xx_it.o
    0x0800099a   0x0800099a   0x00000010   Code   RO         1104    i.DispTask          freertos.o
    0x080009aa   0x080009aa   0x00000002   PAD
    0x080009ac   0x080009ac   0x00000114   Code   RO          597    i.EncoderPrc        encoder.o
    0x08000ac0   0x08000ac0   0x00000004   Code   RO          981    i.Error_Handler     main.o
    0x08000ac4   0x08000ac4   0x0000002c   Code   RO          950    i.FocPrc            foc.o
    0x08000af0   0x08000af0   0x00000092   Code   RO         2105    i.HAL_DMA_Abort     stm32f4xx_hal_dma.o
    0x08000b82   0x08000b82   0x00000024   Code   RO         2106    i.HAL_DMA_Abort_IT  stm32f4xx_hal_dma.o
    0x08000ba6   0x08000ba6   0x00000002   PAD
    0x08000ba8   0x08000ba8   0x000001a0   Code   RO         2110    i.HAL_DMA_IRQHandler  stm32f4xx_hal_dma.o
    0x08000d48   0x08000d48   0x000000d4   Code   RO         2111    i.HAL_DMA_Init      stm32f4xx_hal_dma.o
    0x08000e1c   0x08000e1c   0x0000006e   Code   RO         2115    i.HAL_DMA_Start_IT  stm32f4xx_hal_dma.o
    0x08000e8a   0x08000e8a   0x00000002   PAD
    0x08000e8c   0x08000e8c   0x000001f0   Code   RO         1998    i.HAL_GPIO_Init     stm32f4xx_hal_gpio.o
    0x0800107c   0x0800107c   0x0000000a   Code   RO         2000    i.HAL_GPIO_ReadPin  stm32f4xx_hal_gpio.o
    0x08001086   0x08001086   0x0000000a   Code   RO         2002    i.HAL_GPIO_WritePin  stm32f4xx_hal_gpio.o
    0x08001090   0x08001090   0x0000000c   Code   RO         2548    i.HAL_GetTick       stm32f4xx_hal.o
    0x0800109c   0x0800109c   0x00000188   Code   RO         2804    i.HAL_I2C_Init      stm32f4xx_hal_i2c.o
    0x08001224   0x08001224   0x0000012c   Code   RO         2817    i.HAL_I2C_Master_Transmit  stm32f4xx_hal_i2c.o
    0x08001350   0x08001350   0x000000e8   Code   RO         1214    i.HAL_I2C_MspInit   i2c.o
    0x08001438   0x08001438   0x00000010   Code   RO         2554    i.HAL_IncTick       stm32f4xx_hal.o
    0x08001448   0x08001448   0x00000034   Code   RO         2555    i.HAL_Init          stm32f4xx_hal.o
    0x0800147c   0x0800147c   0x00000098   Code   RO         1604    i.HAL_InitTick      stm32f4xx_hal_timebase_tim.o
    0x08001514   0x08001514   0x00000038   Code   RO         1580    i.HAL_MspInit       stm32f4xx_hal_msp.o
    0x0800154c   0x0800154c   0x0000001a   Code   RO         2390    i.HAL_NVIC_EnableIRQ  stm32f4xx_hal_cortex.o
    0x08001566   0x08001566   0x00000002   PAD
    0x08001568   0x08001568   0x00000040   Code   RO         2396    i.HAL_NVIC_SetPriority  stm32f4xx_hal_cortex.o
    0x080015a8   0x080015a8   0x00000024   Code   RO         2397    i.HAL_NVIC_SetPriorityGrouping  stm32f4xx_hal_cortex.o
    0x080015cc   0x080015cc   0x00000134   Code   RO         1644    i.HAL_RCC_ClockConfig  stm32f4xx_hal_rcc.o
    0x08001700   0x08001700   0x00000040   Code   RO         1648    i.HAL_RCC_GetClockConfig  stm32f4xx_hal_rcc.o
    0x08001740   0x08001740   0x00000020   Code   RO         1651    i.HAL_RCC_GetPCLK1Freq  stm32f4xx_hal_rcc.o
    0x08001760   0x08001760   0x00000020   Code   RO         1652    i.HAL_RCC_GetPCLK2Freq  stm32f4xx_hal_rcc.o
    0x08001780   0x08001780   0x00000064   Code   RO         1653    i.HAL_RCC_GetSysClockFreq  stm32f4xx_hal_rcc.o
    0x080017e4   0x080017e4   0x0000036c   Code   RO         1656    i.HAL_RCC_OscConfig  stm32f4xx_hal_rcc.o
    0x08001b50   0x08001b50   0x00000002   Code   RO         3954    i.HAL_TIMEx_BreakCallback  stm32f4xx_hal_tim_ex.o
    0x08001b52   0x08001b52   0x00000002   Code   RO         3955    i.HAL_TIMEx_CommutCallback  stm32f4xx_hal_tim_ex.o
    0x08001b54   0x08001b54   0x00000054   Code   RO         3957    i.HAL_TIMEx_ConfigBreakDeadTime  stm32f4xx_hal_tim_ex.o
    0x08001ba8   0x08001ba8   0x00000090   Code   RO         3973    i.HAL_TIMEx_MasterConfigSynchronization  stm32f4xx_hal_tim_ex.o
    0x08001c38   0x08001c38   0x0000005a   Code   RO         3250    i.HAL_TIM_Base_Init  stm32f4xx_hal_tim.o
    0x08001c92   0x08001c92   0x00000002   PAD
    0x08001c94   0x08001c94   0x0000008c   Code   RO         1262    i.HAL_TIM_Base_MspInit  tim.o
    0x08001d20   0x08001d20   0x00000080   Code   RO         3255    i.HAL_TIM_Base_Start_IT  stm32f4xx_hal_tim.o
    0x08001da0   0x08001da0   0x000000dc   Code   RO         3259    i.HAL_TIM_ConfigClockSource  stm32f4xx_hal_tim.o
    0x08001e7c   0x08001e7c   0x000000a4   Code   RO         3271    i.HAL_TIM_Encoder_Init  stm32f4xx_hal_tim.o
    0x08001f20   0x08001f20   0x00000130   Code   RO         1264    i.HAL_TIM_Encoder_MspInit  tim.o
    0x08002050   0x08002050   0x0000008e   Code   RO         3274    i.HAL_TIM_Encoder_Start  stm32f4xx_hal_tim.o
    0x080020de   0x080020de   0x00000002   Code   RO         3284    i.HAL_TIM_IC_CaptureCallback  stm32f4xx_hal_tim.o
    0x080020e0   0x080020e0   0x00000130   Code   RO         3298    i.HAL_TIM_IRQHandler  stm32f4xx_hal_tim.o
    0x08002210   0x08002210   0x000000b0   Code   RO         1265    i.HAL_TIM_MspPostInit  tim.o
    0x080022c0   0x080022c0   0x00000002   Code   RO         3301    i.HAL_TIM_OC_DelayElapsedCallback  stm32f4xx_hal_tim.o
    0x080022c2   0x080022c2   0x000000cc   Code   RO         3322    i.HAL_TIM_PWM_ConfigChannel  stm32f4xx_hal_tim.o
    0x0800238e   0x0800238e   0x0000005a   Code   RO         3325    i.HAL_TIM_PWM_Init  stm32f4xx_hal_tim.o
    0x080023e8   0x080023e8   0x0000003c   Code   RO         1267    i.HAL_TIM_PWM_MspInit  tim.o
    0x08002424   0x08002424   0x00000002   Code   RO         3328    i.HAL_TIM_PWM_PulseFinishedCallback  stm32f4xx_hal_tim.o
    0x08002426   0x08002426   0x00000002   PAD
    0x08002428   0x08002428   0x000000c8   Code   RO         3330    i.HAL_TIM_PWM_Start  stm32f4xx_hal_tim.o
    0x080024f0   0x080024f0   0x00000014   Code   RO          982    i.HAL_TIM_PeriodElapsedCallback  main.o
    0x08002504   0x08002504   0x00000002   Code   RO         3341    i.HAL_TIM_TriggerCallback  stm32f4xx_hal_tim.o
    0x08002506   0x08002506   0x00000002   Code   RO         4233    i.HAL_UARTEx_RxEventCallback  stm32f4xx_hal_uart.o
    0x08002508   0x08002508   0x00000070   Code   RO         4245    i.HAL_UART_DMAStop  stm32f4xx_hal_uart.o
    0x08002578   0x08002578   0x00000002   Code   RO         4247    i.HAL_UART_ErrorCallback  stm32f4xx_hal_uart.o
    0x0800257a   0x0800257a   0x00000002   PAD
    0x0800257c   0x0800257c   0x00000270   Code   RO         4250    i.HAL_UART_IRQHandler  stm32f4xx_hal_uart.o
    0x080027ec   0x080027ec   0x00000064   Code   RO         4251    i.HAL_UART_Init     stm32f4xx_hal_uart.o
    0x08002850   0x08002850   0x00000354   Code   RO         1382    i.HAL_UART_MspInit  usart.o
    0x08002ba4   0x08002ba4   0x0000001c   Code   RO         4255    i.HAL_UART_Receive_DMA  stm32f4xx_hal_uart.o
    0x08002bc0   0x08002bc0   0x0000001c   Code   RO         4256    i.HAL_UART_Receive_IT  stm32f4xx_hal_uart.o
    0x08002bdc   0x08002bdc   0x0000001c   Code   RO          983    i.HAL_UART_RxCpltCallback  main.o
    0x08002bf8   0x08002bf8   0x00000002   Code   RO         4258    i.HAL_UART_RxHalfCpltCallback  stm32f4xx_hal_uart.o
    0x08002bfa   0x08002bfa   0x00000002   Code   RO         4262    i.HAL_UART_TxCpltCallback  stm32f4xx_hal_uart.o
    0x08002bfc   0x08002bfc   0x00000002   Code   RO         1459    i.HardFault_Handler  stm32f4xx_it.o
    0x08002bfe   0x08002bfe   0x0000002e   Code   RO         2847    i.I2C_IsAcknowledgeFailed  stm32f4xx_hal_i2c.o
    0x08002c2c   0x08002c2c   0x0000009c   Code   RO         2851    i.I2C_MasterRequestWrite  stm32f4xx_hal_i2c.o
    0x08002cc8   0x08002cc8   0x00000056   Code   RO         2862    i.I2C_WaitOnBTFFlagUntilTimeout  stm32f4xx_hal_i2c.o
    0x08002d1e   0x08002d1e   0x00000002   PAD
    0x08002d20   0x08002d20   0x00000090   Code   RO         2863    i.I2C_WaitOnFlagUntilTimeout  stm32f4xx_hal_i2c.o
    0x08002db0   0x08002db0   0x000000bc   Code   RO         2864    i.I2C_WaitOnMasterAddressFlagUntilTimeout  stm32f4xx_hal_i2c.o
    0x08002e6c   0x08002e6c   0x00000056   Code   RO         2866    i.I2C_WaitOnTXEFlagUntilTimeout  stm32f4xx_hal_i2c.o
    0x08002ec2   0x08002ec2   0x00000002   PAD
    0x08002ec4   0x08002ec4   0x00000064   Code   RO           13    i.ImuPrc            imu.o
    0x08002f28   0x08002f28   0x00000084   Code   RO          632    i.Incremental_PI_A  motor.o
    0x08002fac   0x08002fac   0x00000084   Code   RO          633    i.Incremental_PI_B  motor.o
    0x08003030   0x08003030   0x00000084   Code   RO          634    i.Incremental_PI_C  motor.o
    0x080030b4   0x080030b4   0x00000084   Code   RO          635    i.Incremental_PI_D  motor.o
    0x08003138   0x08003138   0x00000188   Code   RO         1105    i.InitTask          freertos.o
    0x080032c0   0x080032c0   0x0000006c   Code   RO          878    i.KeyPrc            key.o
    0x0800332c   0x0800332c   0x00000034   Code   RO          907    i.Led               display.o
    0x08003360   0x08003360   0x00000002   Code   RO          908    i.LedPrc            display.o
    0x08003362   0x08003362   0x00000002   PAD
    0x08003364   0x08003364   0x0000006c   Code   RO         1189    i.MX_DMA_Init       dma.o
    0x080033d0   0x080033d0   0x0000009c   Code   RO         1106    i.MX_FREERTOS_Init  freertos.o
    0x0800346c   0x0800346c   0x00000140   Code   RO         1079    i.MX_GPIO_Init      gpio.o
    0x080035ac   0x080035ac   0x00000040   Code   RO         1215    i.MX_I2C1_Init      i2c.o
    0x080035ec   0x080035ec   0x00000040   Code   RO         1216    i.MX_I2C3_Init      i2c.o
    0x0800362c   0x0800362c   0x00000068   Code   RO         1268    i.MX_TIM12_Init     tim.o
    0x08003694   0x08003694   0x000000f8   Code   RO         1269    i.MX_TIM1_Init      tim.o
    0x0800378c   0x0800378c   0x0000006c   Code   RO         1270    i.MX_TIM2_Init      tim.o
    0x080037f8   0x080037f8   0x0000006c   Code   RO         1271    i.MX_TIM3_Init      tim.o
    0x08003864   0x08003864   0x0000006c   Code   RO         1272    i.MX_TIM4_Init      tim.o
    0x080038d0   0x080038d0   0x0000006c   Code   RO         1273    i.MX_TIM5_Init      tim.o
    0x0800393c   0x0800393c   0x00000044   Code   RO         1274    i.MX_TIM7_Init      tim.o
    0x08003980   0x08003980   0x00000068   Code   RO         1275    i.MX_TIM8_Init      tim.o
    0x080039e8   0x080039e8   0x00000090   Code   RO         1276    i.MX_TIM9_Init      tim.o
    0x08003a78   0x08003a78   0x00000038   Code   RO         1383    i.MX_UART4_Init     usart.o
    0x08003ab0   0x08003ab0   0x00000038   Code   RO         1384    i.MX_UART5_Init     usart.o
    0x08003ae8   0x08003ae8   0x00000038   Code   RO         1385    i.MX_USART1_UART_Init  usart.o
    0x08003b20   0x08003b20   0x00000038   Code   RO         1386    i.MX_USART2_UART_Init  usart.o
    0x08003b58   0x08003b58   0x00000038   Code   RO         1387    i.MX_USART3_UART_Init  usart.o
    0x08003b90   0x08003b90   0x00000038   Code   RO         1388    i.MX_USART6_UART_Init  usart.o
    0x08003bc8   0x08003bc8   0x00000002   Code   RO         1460    i.MemManage_Handler  stm32f4xx_it.o
    0x08003bca   0x08003bca   0x00000002   PAD
    0x08003bcc   0x08003bcc   0x000003fc   Code   RO          636    i.MotorCtrl         motor.o
    0x08003fc8   0x08003fc8   0x00000010   Code   RO         1107    i.MsgTaskHight      freertos.o
    0x08003fd8   0x08003fd8   0x00000014   Code   RO         1108    i.MsgTaskLow        freertos.o
    0x08003fec   0x08003fec   0x00000030   Code   RO          255    i.MyEncoder_Init    mysys.o
    0x0800401c   0x0800401c   0x0000003c   Code   RO          256    i.MyMotor_Init      mysys.o
    0x08004058   0x08004058   0x00000128   Code   RO          257    i.MyPid_Init        mysys.o
    0x08004180   0x08004180   0x00000078   Code   RO          259    i.MyUartGroup_Init  mysys.o
    0x080041f8   0x080041f8   0x00000002   Code   RO         1461    i.NMI_Handler       stm32f4xx_it.o
    0x080041fa   0x080041fa   0x00000002   PAD
    0x080041fc   0x080041fc   0x00000028   Code   RO          358    i.OLED_Clear        oled.o
    0x08004224   0x08004224   0x00000064   Code   RO          359    i.OLED_ClearArea    oled.o
    0x08004288   0x08004288   0x00000016   Code   RO          367    i.OLED_GPIO_Init    oled.o
    0x0800429e   0x0800429e   0x0000009c   Code   RO          372    i.OLED_Init         oled.o
    0x0800433a   0x0800433a   0x0000000e   Code   RO          374    i.OLED_Pow          oled.o
    0x08004348   0x08004348   0x00000022   Code   RO          378    i.OLED_SetCursor    oled.o
    0x0800436a   0x0800436a   0x00000002   PAD
    0x0800436c   0x0800436c   0x0000003c   Code   RO          380    i.OLED_ShowChar     oled.o
    0x080043a8   0x080043a8   0x000000e4   Code   RO          381    i.OLED_ShowFloatNum  oled.o
    0x0800448c   0x0800448c   0x000000b0   Code   RO          383    i.OLED_ShowImage    oled.o
    0x0800453c   0x0800453c   0x00000046   Code   RO          384    i.OLED_ShowNum      oled.o
    0x08004582   0x08004582   0x0000005e   Code   RO          385    i.OLED_ShowSignedNum  oled.o
    0x080045e0   0x080045e0   0x0000002c   Code   RO          386    i.OLED_ShowString   oled.o
    0x0800460c   0x0800460c   0x00000028   Code   RO          387    i.OLED_Update       oled.o
    0x08004634   0x08004634   0x00000020   Code   RO          389    i.OLED_WriteCommand  oled.o
    0x08004654   0x08004654   0x00000044   Code   RO          390    i.OLED_WriteData    oled.o
    0x08004698   0x08004698   0x00000734   Code   RO          909    i.OledPrc           display.o
    0x08004dcc   0x08004dcc   0x0000010c   Code   RO          707    i.PID_YAW           pid.o
    0x08004ed8   0x08004ed8   0x00000004   Code   RO          708    i.PidPrc            pid.o
    0x08004edc   0x08004edc   0x00000040   Code   RO          598    i.Read_Encoder      encoder.o
    0x08004f1c   0x08004f1c   0x0000000c   Code   RO         1109    i.ScanTask          freertos.o
    0x08004f28   0x08004f28   0x0000003c   Code   RO          637    i.Smooth            motor.o
    0x08004f64   0x08004f64   0x00000008   Code   RO         1110    i.StartDefaultTask  freertos.o
    0x08004f6c   0x08004f6c   0x000000a8   Code   RO          213    i.StpPrc            scan.o
    0x08005014   0x08005014   0x0000001a   Code   RO         5732    i.SysTick_Handler   cmsis_os2.o
    0x0800502e   0x0800502e   0x00000002   PAD
    0x08005030   0x08005030   0x00000094   Code   RO          984    i.SystemClock_Config  main.o
    0x080050c4   0x080050c4   0x00000010   Code   RO         4585    i.SystemInit        system_stm32f4xx.o
    0x080050d4   0x080050d4   0x0000000c   Code   RO         1462    i.TIM6_DAC_IRQHandler  stm32f4xx_it.o
    0x080050e0   0x080050e0   0x0000001c   Code   RO         1463    i.TIM8_BRK_TIM12_IRQHandler  stm32f4xx_it.o
    0x080050fc   0x080050fc   0x000000d8   Code   RO         3343    i.TIM_Base_SetConfig  stm32f4xx_hal_tim.o
    0x080051d4   0x080051d4   0x0000001a   Code   RO         3344    i.TIM_CCxChannelCmd  stm32f4xx_hal_tim.o
    0x080051ee   0x080051ee   0x00000014   Code   RO         3354    i.TIM_ETR_SetConfig  stm32f4xx_hal_tim.o
    0x08005202   0x08005202   0x00000010   Code   RO         3355    i.TIM_ITRx_SetConfig  stm32f4xx_hal_tim.o
    0x08005212   0x08005212   0x00000002   PAD
    0x08005214   0x08005214   0x00000060   Code   RO         3356    i.TIM_OC1_SetConfig  stm32f4xx_hal_tim.o
    0x08005274   0x08005274   0x0000006c   Code   RO         3357    i.TIM_OC2_SetConfig  stm32f4xx_hal_tim.o
    0x080052e0   0x080052e0   0x00000068   Code   RO         3358    i.TIM_OC3_SetConfig  stm32f4xx_hal_tim.o
    0x08005348   0x08005348   0x00000050   Code   RO         3359    i.TIM_OC4_SetConfig  stm32f4xx_hal_tim.o
    0x08005398   0x08005398   0x00000022   Code   RO         3361    i.TIM_TI1_ConfigInputStage  stm32f4xx_hal_tim.o
    0x080053ba   0x080053ba   0x00000024   Code   RO         3363    i.TIM_TI2_ConfigInputStage  stm32f4xx_hal_tim.o
    0x080053de   0x080053de   0x00000002   PAD
    0x080053e0   0x080053e0   0x00000190   Code   RO         1111    i.TestTask          freertos.o
    0x08005570   0x08005570   0x00000084   Code   RO         1464    i.UART4_IRQHandler  stm32f4xx_it.o
    0x080055f4   0x080055f4   0x00000084   Code   RO         1465    i.UART5_IRQHandler  stm32f4xx_it.o
    0x08005678   0x08005678   0x00000010   Code   RO         4264    i.UART_DMAAbortOnError  stm32f4xx_hal_uart.o
    0x08005688   0x08005688   0x0000004a   Code   RO         4265    i.UART_DMAError     stm32f4xx_hal_uart.o
    0x080056d2   0x080056d2   0x00000086   Code   RO         4266    i.UART_DMAReceiveCplt  stm32f4xx_hal_uart.o
    0x08005758   0x08005758   0x0000001e   Code   RO         4268    i.UART_DMARxHalfCplt  stm32f4xx_hal_uart.o
    0x08005776   0x08005776   0x0000004e   Code   RO         4274    i.UART_EndRxTransfer  stm32f4xx_hal_uart.o
    0x080057c4   0x080057c4   0x0000001c   Code   RO         4275    i.UART_EndTxTransfer  stm32f4xx_hal_uart.o
    0x080057e0   0x080057e0   0x000000c2   Code   RO         4276    i.UART_Receive_IT   stm32f4xx_hal_uart.o
    0x080058a2   0x080058a2   0x00000002   PAD
    0x080058a4   0x080058a4   0x0000010c   Code   RO         4277    i.UART_SetConfig    stm32f4xx_hal_uart.o
    0x080059b0   0x080059b0   0x00000090   Code   RO         4278    i.UART_Start_Receive_DMA  stm32f4xx_hal_uart.o
    0x08005a40   0x08005a40   0x00000036   Code   RO         4279    i.UART_Start_Receive_IT  stm32f4xx_hal_uart.o
    0x08005a76   0x08005a76   0x00000002   PAD
    0x08005a78   0x08005a78   0x00000074   Code   RO         1466    i.USART1_IRQHandler  stm32f4xx_it.o
    0x08005aec   0x08005aec   0x00000094   Code   RO         1467    i.USART2_IRQHandler  stm32f4xx_it.o
    0x08005b80   0x08005b80   0x0000000c   Code   RO         1468    i.USART3_IRQHandler  stm32f4xx_it.o
    0x08005b8c   0x08005b8c   0x00000002   Code   RO         1469    i.UsageFault_Handler  stm32f4xx_it.o
    0x08005b8e   0x08005b8e   0x00000020   Code   RO         2403    i.__NVIC_SetPriority  stm32f4xx_hal_cortex.o
    0x08005bae   0x08005bae   0x00000002   PAD
    0x08005bb0   0x08005bb0   0x000000e0   Code   RO         6389    i.__hardfp_round    m_wm.l(round.o)
    0x08005c90   0x08005c90   0x0000000e   Code   RO         6803    i.__scatterload_copy  mc_w.l(handlers.o)
    0x08005c9e   0x08005c9e   0x00000002   Code   RO         6804    i.__scatterload_null  mc_w.l(handlers.o)
    0x08005ca0   0x08005ca0   0x0000000e   Code   RO         6805    i.__scatterload_zeroinit  mc_w.l(handlers.o)
    0x08005cae   0x08005cae   0x00000002   PAD
    0x08005cb0   0x08005cb0   0x00000050   Code   RO         6667    i.free              mc_w.l(malloc.o)
    0x08005d00   0x08005d00   0x00000062   Code   RO          986    i.main              main.o
    0x08005d62   0x08005d62   0x00000002   PAD
    0x08005d64   0x08005d64   0x0000006c   Code   RO         6668    i.malloc            mc_w.l(malloc.o)
    0x08005dd0   0x08005dd0   0x0000001a   Code   RO         5734    i.osDelay           cmsis_os2.o
    0x08005dea   0x08005dea   0x00000002   PAD
    0x08005dec   0x08005dec   0x00000024   Code   RO         5748    i.osKernelInitialize  cmsis_os2.o
    0x08005e10   0x08005e10   0x00000038   Code   RO         5751    i.osKernelStart     cmsis_os2.o
    0x08005e48   0x08005e48   0x0000008a   Code   RO         5793    i.osThreadNew       cmsis_os2.o
    0x08005ed2   0x08005ed2   0x00000002   PAD
    0x08005ed4   0x08005ed4   0x0000005c   Code   RO         5193    i.prvAddCurrentTaskToDelayedList  tasks.o
    0x08005f30   0x08005f30   0x000000d0   Code   RO         5194    i.prvAddNewTaskToReadyList  tasks.o
    0x08006000   0x08006000   0x00000058   Code   RO         5558    i.prvCheckForValidListAndQueue  timers.o
    0x08006058   0x08006058   0x00000026   Code   RO         4790    i.prvCopyDataFromQueue  queue.o
    0x0800607e   0x0800607e   0x0000006c   Code   RO         4791    i.prvCopyDataToQueue  queue.o
    0x080060ea   0x080060ea   0x00000034   Code   RO         5195    i.prvDeleteTCB      tasks.o
    0x0800611e   0x0800611e   0x00000002   PAD
    0x08006120   0x08006120   0x0000004c   Code   RO         6245    i.prvHeapInit       heap_4.o
    0x0800616c   0x0800616c   0x00000060   Code   RO         5196    i.prvIdleTask       tasks.o
    0x080061cc   0x080061cc   0x00000022   Code   RO         4793    i.prvInitialiseNewQueue  queue.o
    0x080061ee   0x080061ee   0x00000002   PAD
    0x080061f0   0x080061f0   0x000000b0   Code   RO         5197    i.prvInitialiseNewTask  tasks.o
    0x080062a0   0x080062a0   0x0000004c   Code   RO         6246    i.prvInsertBlockIntoFreeList  heap_4.o
    0x080062ec   0x080062ec   0x00000038   Code   RO         5560    i.prvInsertTimerInActiveList  timers.o
    0x08006324   0x08006324   0x0000001c   Code   RO         4794    i.prvIsQueueEmpty   queue.o
    0x08006340   0x08006340   0x000000fc   Code   RO         5561    i.prvProcessReceivedCommands  timers.o
    0x0800643c   0x0800643c   0x000000c0   Code   RO         5562    i.prvProcessTimerOrBlockTask  timers.o
    0x080064fc   0x080064fc   0x00000020   Code   RO         5199    i.prvResetNextTaskUnblockTime  tasks.o
    0x0800651c   0x0800651c   0x00000028   Code   RO         5563    i.prvSampleTimeNow  timers.o
    0x08006544   0x08006544   0x0000006c   Code   RO         5564    i.prvSwitchTimerLists  timers.o
    0x080065b0   0x080065b0   0x00000028   Code   RO         6301    i.prvTaskExitError  port.o
    0x080065d8   0x080065d8   0x00000024   Code   RO         5565    i.prvTimerTask      timers.o
    0x080065fc   0x080065fc   0x0000006a   Code   RO         4795    i.prvUnlockQueue    queue.o
    0x08006666   0x08006666   0x00000002   PAD
    0x08006668   0x08006668   0x000000dc   Code   RO         6247    i.pvPortMalloc      heap_4.o
    0x08006744   0x08006744   0x0000002c   Code   RO         6302    i.pxPortInitialiseStack  port.o
    0x08006770   0x08006770   0x00000026   Code   RO         4750    i.uxListRemove      list.o
    0x08006796   0x08006796   0x00000002   PAD
    0x08006798   0x08006798   0x00000014   Code   RO         5805    i.vApplicationGetIdleTaskMemory  cmsis_os2.o
    0x080067ac   0x080067ac   0x00000018   Code   RO         5806    i.vApplicationGetTimerTaskMemory  cmsis_os2.o
    0x080067c4   0x080067c4   0x00000016   Code   RO         4751    i.vListInitialise   list.o
    0x080067da   0x080067da   0x00000006   Code   RO         4752    i.vListInitialiseItem  list.o
    0x080067e0   0x080067e0   0x00000030   Code   RO         4753    i.vListInsert       list.o
    0x08006810   0x08006810   0x00000018   Code   RO         4754    i.vListInsertEnd    list.o
    0x08006828   0x08006828   0x00000040   Code   RO         6304    i.vPortEnterCritical  port.o
    0x08006868   0x08006868   0x00000028   Code   RO         6305    i.vPortExitCritical  port.o
    0x08006890   0x08006890   0x00000064   Code   RO         6248    i.vPortFree         heap_4.o
    0x080068f4   0x080068f4   0x00000024   Code   RO         6306    i.vPortSetupTimerInterrupt  port.o
    0x08006918   0x08006918   0x00000054   Code   RO         6307    i.vPortValidateInterruptPriority  port.o
    0x0800696c   0x0800696c   0x00000028   Code   RO         4801    i.vQueueAddToRegistry  queue.o
    0x08006994   0x08006994   0x00000044   Code   RO         4805    i.vQueueWaitForMessageRestricted  queue.o
    0x080069d8   0x080069d8   0x0000004c   Code   RO         5212    i.vTaskDelay        tasks.o
    0x08006a24   0x08006a24   0x00000090   Code   RO         5214    i.vTaskDelete       tasks.o
    0x08006ab4   0x08006ab4   0x00000010   Code   RO         5217    i.vTaskInternalSetTimeOutState  tasks.o
    0x08006ac4   0x08006ac4   0x0000000c   Code   RO         5218    i.vTaskMissedYield  tasks.o
    0x08006ad0   0x08006ad0   0x00000030   Code   RO         5220    i.vTaskPlaceOnEventList  tasks.o
    0x08006b00   0x08006b00   0x00000038   Code   RO         5221    i.vTaskPlaceOnEventListRestricted  tasks.o
    0x08006b38   0x08006b38   0x00000088   Code   RO         5229    i.vTaskStartScheduler  tasks.o
    0x08006bc0   0x08006bc0   0x00000010   Code   RO         5231    i.vTaskSuspendAll   tasks.o
    0x08006bd0   0x08006bd0   0x00000064   Code   RO         5232    i.vTaskSwitchContext  tasks.o
    0x08006c34   0x08006c34   0x000000f4   Code   RO         6308    i.xPortStartScheduler  port.o
    0x08006d28   0x08006d28   0x0000002c   Code   RO         6309    i.xPortSysTickHandler  port.o
    0x08006d54   0x08006d54   0x00000066   Code   RO         4811    i.xQueueGenericCreateStatic  queue.o
    0x08006dba   0x08006dba   0x00000002   PAD
    0x08006dbc   0x08006dbc   0x00000088   Code   RO         4812    i.xQueueGenericReset  queue.o
    0x08006e44   0x08006e44   0x00000160   Code   RO         4813    i.xQueueGenericSend  queue.o
    0x08006fa4   0x08006fa4   0x000000be   Code   RO         4814    i.xQueueGenericSendFromISR  queue.o
    0x08007062   0x08007062   0x00000002   PAD
    0x08007064   0x08007064   0x00000138   Code   RO         4823    i.xQueueReceive     queue.o
    0x0800719c   0x0800719c   0x00000074   Code   RO         5234    i.xTaskCheckForTimeOut  tasks.o
    0x08007210   0x08007210   0x0000005a   Code   RO         5235    i.xTaskCreate       tasks.o
    0x0800726a   0x0800726a   0x00000056   Code   RO         5236    i.xTaskCreateStatic  tasks.o
    0x080072c0   0x080072c0   0x0000001c   Code   RO         5240    i.xTaskGetSchedulerState  tasks.o
    0x080072dc   0x080072dc   0x0000000c   Code   RO         5241    i.xTaskGetTickCount  tasks.o
    0x080072e8   0x080072e8   0x000000c8   Code   RO         5243    i.xTaskIncrementTick  tasks.o
    0x080073b0   0x080073b0   0x00000080   Code   RO         5246    i.xTaskPriorityDisinherit  tasks.o
    0x08007430   0x08007430   0x00000070   Code   RO         5248    i.xTaskRemoveFromEventList  tasks.o
    0x080074a0   0x080074a0   0x000000c4   Code   RO         5249    i.xTaskResumeAll    tasks.o
    0x08007564   0x08007564   0x00000060   Code   RO         5574    i.xTimerCreateTimerTask  timers.o
    0x080075c4   0x080075c4   0x00000068   Code   RO         5575    i.xTimerGenericCommand  timers.o
    0x0800762c   0x0800762c   0x000005f0   Data   RO          580    .constdata          oled_data.o
    0x08007c1c   0x08007c1c   0x0000023a   Data   RO          581    .constdata          oled_data.o
    0x08007e56   0x08007e56   0x00000002   PAD
    0x08007e58   0x08007e58   0x00000120   Data   RO         1112    .constdata          freertos.o
    0x08007f78   0x08007f78   0x00000008   Data   RO         2117    .constdata          stm32f4xx_hal_dma.o
    0x08007f80   0x08007f80   0x00000010   Data   RO         4586    .constdata          system_stm32f4xx.o
    0x08007f90   0x08007f90   0x00000008   Data   RO         4587    .constdata          system_stm32f4xx.o
    0x08007f98   0x08007f98   0x00000044   Data   RO         1113    .conststring        freertos.o
    0x08007fdc   0x08007fdc   0x00000020   Data   RO         6801    Region$$Table       anon$$obj.o


    Execution Region RW_IRAM1 (Exec base: 0x20000000, Load base: 0x08007ffc, Size: 0x000067d8, Max: 0x0001c000, ABSOLUTE)

    Exec Addr    Load Addr    Size         Type   Attr      Idx    E Section Name        Object

    0x20000000   0x08007ffc   0x00000002   Data   RW          215    .data               scan.o
    0x20000002   0x08007ffe   0x00000004   Data   RW          273    .data               mysys.o
    0x20000006   0x08008002   0x00000004   Data   RW          274    .data               mysys.o
    0x2000000a   0x08008006   0x00000004   Data   RW          275    .data               mysys.o
    0x2000000e   0x0800800a   0x00000002   PAD
    0x20000010   0x0800800c   0x00000014   Data   RW          327    .data               camera.o
    0x20000024   0x08008020   0x00000010   Data   RW          599    .data               encoder.o
    0x20000034   0x08008030   0x00000008   Data   RW          639    .data               motor.o
    0x2000003c   0x08008038   0x00000004   Data   RW          785    .data               bluetooth.o
    0x20000040   0x0800803c   0x00000008   Data   RW          852    .data               grey.o
    0x20000048   0x08008044   0x0000000c   Data   RW          910    .data               display.o
    0x20000054   0x08008050   0x00000008   Data   RW          951    .data               foc.o
    0x2000005c   0x08008058   0x00000034   Data   RW         1114    .data               freertos.o
    0x20000090   0x0800808c   0x0000000c   Data   RW         2562    .data               stm32f4xx_hal.o
    0x2000009c   0x08008098   0x00000004   Data   RW         4588    .data               system_stm32f4xx.o
    0x200000a0   0x0800809c   0x0000003c   Data   RW         5252    .data               tasks.o
    0x200000dc   0x080080d8   0x00000014   Data   RW         5583    .data               timers.o
    0x200000f0   0x080080ec   0x00000004   Data   RW         5808    .data               cmsis_os2.o
    0x200000f4   0x080080f0   0x00000020   Data   RW         6254    .data               heap_4.o
    0x20000114   0x08008110   0x0000000c   Data   RW         6310    .data               port.o
    0x20000120   0x0800811c   0x00000004   Data   RW         6777    .data               mc_w.l(mvars.o)
    0x20000124   0x08008120   0x00000004   Data   RW         6778    .data               mc_w.l(mvars.o)
    0x20000128        -       0x00000078   Zero   RW          214    .bss                scan.o
    0x200001a0        -       0x00000080   Zero   RW          260    .bss                mysys.o
    0x20000220        -       0x0000001c   Zero   RW          261    .bss                mysys.o
    0x2000023c        -       0x00000554   Zero   RW          262    .bss                mysys.o
    0x20000790        -       0x00000020   Zero   RW          263    .bss                mysys.o
    0x200007b0        -       0x00000020   Zero   RW          264    .bss                mysys.o
    0x200007d0        -       0x00000020   Zero   RW          265    .bss                mysys.o
    0x200007f0        -       0x0000000c   Zero   RW          266    .bss                mysys.o
    0x200007fc        -       0x0000000c   Zero   RW          267    .bss                mysys.o
    0x20000808        -       0x0000000c   Zero   RW          268    .bss                mysys.o
    0x20000814        -       0x0000000c   Zero   RW          269    .bss                mysys.o
    0x20000820        -       0x0000000c   Zero   RW          270    .bss                mysys.o
    0x2000082c        -       0x00000018   Zero   RW          271    .bss                mysys.o
    0x20000844        -       0x00000018   Zero   RW          272    .bss                mysys.o
    0x2000085c        -       0x00000400   Zero   RW          392    .bss                oled.o
    0x20000c5c        -       0x000000a8   Zero   RW         1217    .bss                i2c.o
    0x20000d04        -       0x00000288   Zero   RW         1277    .bss                tim.o
    0x20000f8c        -       0x00000330   Zero   RW         1389    .bss                usart.o
    0x200012bc        -       0x00000048   Zero   RW         1607    .bss                stm32f4xx_hal_timebase_tim.o
    0x20001304        -       0x00000040   Zero   RW         4827    .bss                queue.o
    0x20001344        -       0x000004c4   Zero   RW         5251    .bss                tasks.o
    0x20001808        -       0x00000118   Zero   RW         5582    .bss                timers.o
    0x20001920        -       0x000006b8   Zero   RW         5807    .bss                cmsis_os2.o
    0x20001fd8        -       0x00003c00   Zero   RW         6253    .bss                heap_4.o
    0x20005bd8        -       0x00000400   Zero   RW            2    HEAP                startup_stm32f407xx.o
    0x20005fd8        -       0x00000800   Zero   RW            1    STACK               startup_stm32f407xx.o


    Execution Region RW_IRAM2 (Exec base: 0x2001c000, Load base: 0x08008124, Size: 0x00000000, Max: 0x00004000, ABSOLUTE)

    **** No section assigned to this execution region ****


==============================================================================

Image component sizes


      Code (inc. data)   RO Data    RW Data    ZI Data      Debug   Object Name

       160         34          0          4          0        618   bluetooth.o
         0          0          0         20          0        862   camera.o
       326         22          0          4       1720      64967   cmsis_os2.o
      1922        268          0         12          0       2542   display.o
       108          4          0          0          0        814   dma.o
       340         46          0         16          0       1400   encoder.o
         0          0          0          0          0      19396   event_groups.o
        44         12          0          8          0        659   foc.o
      1036        140        356         52          0       6856   freertos.o
       320         22          0          0          0       1079   gpio.o
         0          0          0          8          0        471   grey.o
       472         24          0         32      15360       4799   heap_4.o
       360         52          0          0        168       2362   i2c.o
       100         20          0          0          0     705597   imu.o
       108         18          0          0          0        489   key.o
       138          0          0          0          0       3482   list.o
       298         24          0          0          0      10276   main.o
      1608        158          0          8          0       4504   motor.o
       524        100          0         12       1724       5774   mysys.o
      1178         50          0          0       1024      10856   oled.o
         0          0       2090          0          0        577   oled_data.o
       272         40          0          0          0        947   pid.o
       786         82          0         12          0      11381   port.o
      1514         20          0          0         64      17260   queue.o
       168         16          0          2        120       1536   scan.o
        36          8        392          0       3072        820   startup_stm32f407xx.o
        80         14          0         12          0       8018   stm32f4xx_hal.o
       158         14          0          0          0      32978   stm32f4xx_hal_cortex.o
      1084         16          8          0          0       7258   stm32f4xx_hal_dma.o
       516         46          0          0          0       2815   stm32f4xx_hal_gpio.o
      1398         32          0          0          0       9261   stm32f4xx_hal_i2c.o
        56          4          0          0          0        846   stm32f4xx_hal_msp.o
      1412         86          0          0          0       5829   stm32f4xx_hal_rcc.o
      2286        138          0          0          0      18267   stm32f4xx_hal_tim.o
       232         28          0          0          0       3261   stm32f4xx_hal_tim_ex.o
       152         20          0          0         72       1451   stm32f4xx_hal_timebase_tim.o
      1920         30          0          0          0      14561   stm32f4xx_hal_uart.o
       640         82          0          0          0      10116   stm32f4xx_it.o
         0          0          0          0          0        384   stream_buffer.o
        16          4         24          4          0       1099   system_stm32f4xx.o
      2228        182          0         60       1220      27506   tasks.o
      1780        156          0          0        648       9402   tim.o
       972         80          0         20        280      31959   timers.o
      1188        106          0          0        816       5485   usart.o

    ----------------------------------------------------------------------
     27996       2198       2904        288      26288    1070820   Object Totals
         0          0         32          0          0          0   (incl. Generated)
        60          0          2          2          0          0   (incl. Padding)

    ----------------------------------------------------------------------

      Code (inc. data)   RO Data    RW Data    ZI Data      Debug   Library Member Name

       224         30          0          0          0        172   round.o
         0          0          0          0          0          0   entry.o
         0          0          0          0          0          0   entry10a.o
         0          0          0          0          0          0   entry11a.o
         8          4          0          0          0          0   entry2.o
         4          0          0          0          0          0   entry5.o
         0          0          0          0          0          0   entry7b.o
         0          0          0          0          0          0   entry8b.o
         8          4          0          0          0          0   entry9a.o
        30          0          0          0          0          0   handlers.o
        36          8          0          0          0         68   init.o
         0          0          0          0          0          0   iusefp.o
        30          0          0          0          0         68   llshl.o
        36          0          0          0          0         68   llsshr.o
        32          0          0          0          0         68   llushr.o
       188         20          0          0          0        160   malloc.o
        36          0          0          0          0         68   memcpya.o
        36          0          0          0          0        108   memseta.o
         0          0          0          8          0          0   mvars.o
        98          0          0          0          0         92   uldiv.o
        48          0          0          0          0         68   cdcmple.o
        48          0          0          0          0         68   cdrcmple.o
       334          0          0          0          0        148   dadd.o
       186          0          0          0          0        176   depilogue.o
        50          0          0          0          0         76   dfixui.o
        26          0          0          0          0         76   dfltui.o
       228          0          0          0          0         96   dmul.o
       136          4          0          0          0         92   drnd.o
        38          0          0          0          0         68   f2d.o

    ----------------------------------------------------------------------
      1864         70          0          8          0       1740   Library Totals
         4          0          0          0          0          0   (incl. Padding)

    ----------------------------------------------------------------------

      Code (inc. data)   RO Data    RW Data    ZI Data      Debug   Library Name

       224         30          0          0          0        172   m_wm.l
       542         36          0          8          0        700   mc_w.l
      1094          4          0          0          0        868   mf_w.l

    ----------------------------------------------------------------------
      1864         70          0          8          0       1740   Library Totals

    ----------------------------------------------------------------------

==============================================================================


      Code (inc. data)   RO Data    RW Data    ZI Data      Debug   

     29860       2268       2904        296      26288    1048684   Grand Totals
     29860       2268       2904        296      26288    1048684   ELF Image Totals
     29860       2268       2904        296          0          0   ROM Totals

==============================================================================

    Total RO  Size (Code + RO Data)                32764 (  32.00kB)
    Total RW  Size (RW Data + ZI Data)             26584 (  25.96kB)
    Total ROM Size (Code + RO Data + RW Data)      33060 (  32.29kB)

==============================================================================

